Archive member included to satisfy reference by file (symbol)

/Users/design/4ms/stm32/gcc-arm-none-eabi-10-2020-q4-major/bin/../lib/gcc/arm-none-eabi/10.2.1/../../../../arm-none-eabi/lib/thumb/v7e-m+fp/hard/libstdc++_nano.a(pure.o)
                              build/libhwtests/src/GateInChecker.o (__cxa_pure_virtual)
/Users/design/4ms/stm32/gcc-arm-none-eabi-10-2020-q4-major/bin/../lib/gcc/arm-none-eabi/10.2.1/../../../../arm-none-eabi/lib/thumb/v7e-m+fp/hard/libstdc++_nano.a(eh_terminate.o)
                              /Users/design/4ms/stm32/gcc-arm-none-eabi-10-2020-q4-major/bin/../lib/gcc/arm-none-eabi/10.2.1/../../../../arm-none-eabi/lib/thumb/v7e-m+fp/hard/libstdc++_nano.a(pure.o) (std::terminate())
/Users/design/4ms/stm32/gcc-arm-none-eabi-10-2020-q4-major/bin/../lib/gcc/arm-none-eabi/10.2.1/../../../../arm-none-eabi/lib/thumb/v7e-m+fp/hard/libstdc++_nano.a(eh_unex_handler.o)
                              /Users/design/4ms/stm32/gcc-arm-none-eabi-10-2020-q4-major/bin/../lib/gcc/arm-none-eabi/10.2.1/../../../../arm-none-eabi/lib/thumb/v7e-m+fp/hard/libstdc++_nano.a(eh_terminate.o) (__cxxabiv1::__unexpected_handler)
/Users/design/4ms/stm32/gcc-arm-none-eabi-10-2020-q4-major/bin/../lib/gcc/arm-none-eabi/10.2.1/../../../../arm-none-eabi/lib/thumb/v7e-m+fp/hard/libstdc++_nano.a(eh_term_handler.o)
                              /Users/design/4ms/stm32/gcc-arm-none-eabi-10-2020-q4-major/bin/../lib/gcc/arm-none-eabi/10.2.1/../../../../arm-none-eabi/lib/thumb/v7e-m+fp/hard/libstdc++_nano.a(eh_terminate.o) (__cxxabiv1::__terminate_handler)
/Users/design/4ms/stm32/gcc-arm-none-eabi-10-2020-q4-major/bin/../lib/gcc/arm-none-eabi/10.2.1/thumb/v7e-m+fp/hard/libgcc.a(_aeabi_ldivmod.o)
                              build/src/env_transition.o (__aeabi_ldivmod)
/Users/design/4ms/stm32/gcc-arm-none-eabi-10-2020-q4-major/bin/../lib/gcc/arm-none-eabi/10.2.1/thumb/v7e-m+fp/hard/libgcc.a(_aeabi_uldivmod.o)
                              build/src/env_transition.o (__aeabi_uldivmod)
/Users/design/4ms/stm32/gcc-arm-none-eabi-10-2020-q4-major/bin/../lib/gcc/arm-none-eabi/10.2.1/thumb/v7e-m+fp/hard/libgcc.a(_udivmoddi4.o)
                              /Users/design/4ms/stm32/gcc-arm-none-eabi-10-2020-q4-major/bin/../lib/gcc/arm-none-eabi/10.2.1/thumb/v7e-m+fp/hard/libgcc.a(_aeabi_ldivmod.o) (__udivmoddi4)
/Users/design/4ms/stm32/gcc-arm-none-eabi-10-2020-q4-major/bin/../lib/gcc/arm-none-eabi/10.2.1/thumb/v7e-m+fp/hard/libgcc.a(_dvmd_tls.o)
                              /Users/design/4ms/stm32/gcc-arm-none-eabi-10-2020-q4-major/bin/../lib/gcc/arm-none-eabi/10.2.1/thumb/v7e-m+fp/hard/libgcc.a(_aeabi_ldivmod.o) (__aeabi_ldiv0)
/Users/design/4ms/stm32/gcc-arm-none-eabi-10-2020-q4-major/bin/../lib/gcc/arm-none-eabi/10.2.1/../../../../arm-none-eabi/lib/thumb/v7e-m+fp/hard/libc_nano.a(lib_a-abort.o)
                              /Users/design/4ms/stm32/gcc-arm-none-eabi-10-2020-q4-major/bin/../lib/gcc/arm-none-eabi/10.2.1/../../../../arm-none-eabi/lib/thumb/v7e-m+fp/hard/libstdc++_nano.a(eh_terminate.o) (abort)
/Users/design/4ms/stm32/gcc-arm-none-eabi-10-2020-q4-major/bin/../lib/gcc/arm-none-eabi/10.2.1/../../../../arm-none-eabi/lib/thumb/v7e-m+fp/hard/libc_nano.a(lib_a-exit.o)
                              /Users/design/4ms/stm32/gcc-arm-none-eabi-10-2020-q4-major/bin/../lib/gcc/arm-none-eabi/10.2.1/../../../../arm-none-eabi/lib/thumb/v7e-m+fp/hard/crt0.o (exit)
/Users/design/4ms/stm32/gcc-arm-none-eabi-10-2020-q4-major/bin/../lib/gcc/arm-none-eabi/10.2.1/../../../../arm-none-eabi/lib/thumb/v7e-m+fp/hard/libc_nano.a(lib_a-impure.o)
                              /Users/design/4ms/stm32/gcc-arm-none-eabi-10-2020-q4-major/bin/../lib/gcc/arm-none-eabi/10.2.1/../../../../arm-none-eabi/lib/thumb/v7e-m+fp/hard/libc_nano.a(lib_a-exit.o) (_global_impure_ptr)
/Users/design/4ms/stm32/gcc-arm-none-eabi-10-2020-q4-major/bin/../lib/gcc/arm-none-eabi/10.2.1/../../../../arm-none-eabi/lib/thumb/v7e-m+fp/hard/libc_nano.a(lib_a-init.o)
                              /Users/design/4ms/stm32/gcc-arm-none-eabi-10-2020-q4-major/bin/../lib/gcc/arm-none-eabi/10.2.1/../../../../arm-none-eabi/lib/thumb/v7e-m+fp/hard/crt0.o (__libc_init_array)
/Users/design/4ms/stm32/gcc-arm-none-eabi-10-2020-q4-major/bin/../lib/gcc/arm-none-eabi/10.2.1/../../../../arm-none-eabi/lib/thumb/v7e-m+fp/hard/libc_nano.a(lib_a-memset.o)
                              /Users/design/4ms/stm32/gcc-arm-none-eabi-10-2020-q4-major/bin/../lib/gcc/arm-none-eabi/10.2.1/../../../../arm-none-eabi/lib/thumb/v7e-m+fp/hard/crt0.o (memset)
/Users/design/4ms/stm32/gcc-arm-none-eabi-10-2020-q4-major/bin/../lib/gcc/arm-none-eabi/10.2.1/../../../../arm-none-eabi/lib/thumb/v7e-m+fp/hard/libc_nano.a(lib_a-signal.o)
                              /Users/design/4ms/stm32/gcc-arm-none-eabi-10-2020-q4-major/bin/../lib/gcc/arm-none-eabi/10.2.1/../../../../arm-none-eabi/lib/thumb/v7e-m+fp/hard/libc_nano.a(lib_a-abort.o) (raise)
[...]
Memory Configuration

Name             Origin             Length             Attributes
CCMRAM           0x0000000010000000 0x0000000000002800 xrw
SRAM2            0x0000000020004000 0x0000000000001800 xrw
RAM              0x0000000020000000 0x0000000000004000 xrw
FLASH            0x0000000008000000 0x0000000000020000 xr
*default*        0x0000000000000000 0xffffffffffffffff

Linker script and memory map

LOAD /Users/design/4ms/stm32/gcc-arm-none-eabi-10-2020-q4-major/bin/../lib/gcc/arm-none-eabi/10.2.1/thumb/v7e-m+fp/hard/crti.o
LOAD /Users/design/4ms/stm32/gcc-arm-none-eabi-10-2020-q4-major/bin/../lib/gcc/arm-none-eabi/10.2.1/thumb/v7e-m+fp/hard/crtbegin.o
LOAD /Users/design/4ms/stm32/gcc-arm-none-eabi-10-2020-q4-major/bin/../lib/gcc/arm-none-eabi/10.2.1/../../../../arm-none-eabi/lib/thumb/v7e-m+fp/hard/crt0.o
LOAD build/src/adc.o
LOAD build/src/analog_conditioning.o
LOAD build/src/calibration.o
LOAD build/src/debounced_digins.o
LOAD build/src/dig_inouts.o
LOAD build/src/env_transition.o
LOAD build/src/env_update.o
LOAD build/src/envelope_calcs.o
LOAD build/src/flash.o
LOAD build/src/flash_user.o
LOAD build/src/leds.o
LOAD build/src/main.o
LOAD build/src/params.o
LOAD build/src/pingable_env.o
LOAD build/src/pwm.o
LOAD build/src/system.o
LOAD build/src/system_mode.o
LOAD build/src/timekeeper.o
LOAD build/src/timers.o
LOAD build/src/trigout.o
LOAD build/src/dac.o
LOAD build/src/hardware_tests/hardware_test_adc.o
LOAD build/src/hardware_tests/hardware_test_dac.o
LOAD build/src/hardware_tests/hardware_test_gates.o
LOAD build/src/hardware_tests/hardware_test_leds_buttons.o
LOAD build/src/hardware_tests/hardware_test_util.o
LOAD build/src/hardware_tests/hardware_tests.o
LOAD build/libhwtests/src/AdcRangeChecker.o
LOAD build/libhwtests/src/CodecCallbacks.o
LOAD build/libhwtests/src/GateInChecker.o
LOAD build/libhwtests/src/GateOutChecker.o
LOAD build/libhwtests/src/GateOutput.o
LOAD build/libhwtests/src/LEDButtonChecker.o
LOAD build/libhwtests/src/LEDTester.o
LOAD build/stm32/HAL/Src/stm32g4xx_hal.o
LOAD build/stm32/HAL/Src/stm32g4xx_hal_adc.o
LOAD build/stm32/HAL/Src/stm32g4xx_hal_adc_ex.o
LOAD build/stm32/HAL/Src/stm32g4xx_hal_cordic.o
LOAD build/stm32/HAL/Src/stm32g4xx_hal_cortex.o
LOAD build/stm32/HAL/Src/stm32g4xx_hal_dac.o
LOAD build/stm32/HAL/Src/stm32g4xx_hal_dac_ex.o
LOAD build/stm32/HAL/Src/stm32g4xx_hal_dma.o
LOAD build/stm32/HAL/Src/stm32g4xx_hal_dma_ex.o
LOAD build/stm32/HAL/Src/stm32g4xx_hal_exti.o
LOAD build/stm32/HAL/Src/stm32g4xx_hal_flash.o
LOAD build/stm32/HAL/Src/stm32g4xx_hal_flash_ex.o
LOAD build/stm32/HAL/Src/stm32g4xx_hal_flash_ramfunc.o
LOAD build/stm32/HAL/Src/stm32g4xx_hal_gpio.o
LOAD build/stm32/HAL/Src/stm32g4xx_hal_hrtim.o
LOAD build/stm32/HAL/Src/stm32g4xx_hal_opamp.o
LOAD build/stm32/HAL/Src/stm32g4xx_hal_opamp_ex.o
LOAD build/stm32/HAL/Src/stm32g4xx_hal_pwr.o
LOAD build/stm32/HAL/Src/stm32g4xx_hal_pwr_ex.o
LOAD build/stm32/HAL/Src/stm32g4xx_hal_rcc.o
LOAD build/stm32/HAL/Src/stm32g4xx_hal_rcc_ex.o
LOAD build/stm32/HAL/Src/stm32g4xx_hal_tim.o
LOAD build/stm32/HAL/Src/stm32g4xx_hal_tim_ex.o
LOAD build/stm32/HAL/Src/stm32g4xx_ll_adc.o
LOAD build/stm32/HAL/Src/stm32g4xx_ll_cordic.o
LOAD build/stm32/HAL/Src/stm32g4xx_ll_dac.o
LOAD build/stm32/HAL/Src/stm32g4xx_ll_dma.o
LOAD build/stm32/HAL/Src/stm32g4xx_ll_exti.o
LOAD build/stm32/HAL/Src/stm32g4xx_ll_gpio.o
LOAD build/stm32/HAL/Src/stm32g4xx_ll_hrtim.o
LOAD build/stm32/HAL/Src/stm32g4xx_ll_opamp.o
LOAD build/stm32/HAL/Src/stm32g4xx_ll_pwr.o
LOAD build/stm32/HAL/Src/stm32g4xx_ll_rcc.o
LOAD build/stm32/HAL/Src/stm32g4xx_ll_tim.o
LOAD build/stm32/HAL/Src/stm32g4xx_ll_utils.o
LOAD build/stm32/device/Source/Templates/gcc/startup_stm32g431xx.o
LOAD build/stm32/device/Source/Templates/system_stm32g4xx.o
LOAD /Users/design/4ms/stm32/gcc-arm-none-eabi-10-2020-q4-major/bin/../lib/gcc/arm-none-eabi/10.2.1/../../../../arm-none-eabi/lib/thumb/v7e-m+fp/hard/libstdc++_nano.a
LOAD /Users/design/4ms/stm32/gcc-arm-none-eabi-10-2020-q4-major/bin/../lib/gcc/arm-none-eabi/10.2.1/../../../../arm-none-eabi/lib/thumb/v7e-m+fp/hard/libm.a
START GROUP
LOAD /Users/design/4ms/stm32/gcc-arm-none-eabi-10-2020-q4-major/bin/../lib/gcc/arm-none-eabi/10.2.1/thumb/v7e-m+fp/hard/libgcc.a
LOAD /Users/design/4ms/stm32/gcc-arm-none-eabi-10-2020-q4-major/bin/../lib/gcc/arm-none-eabi/10.2.1/../../../../arm-none-eabi/lib/thumb/v7e-m+fp/hard/libc_nano.a
END GROUP
START GROUP
LOAD /Users/design/4ms/stm32/gcc-arm-none-eabi-10-2020-q4-major/bin/../lib/gcc/arm-none-eabi/10.2.1/thumb/v7e-m+fp/hard/libgcc.a
LOAD /Users/design/4ms/stm32/gcc-arm-none-eabi-10-2020-q4-major/bin/../lib/gcc/arm-none-eabi/10.2.1/../../../../arm-none-eabi/lib/thumb/v7e-m+fp/hard/libc_nano.a
END GROUP
LOAD /Users/design/4ms/stm32/gcc-arm-none-eabi-10-2020-q4-major/bin/../lib/gcc/arm-none-eabi/10.2.1/thumb/v7e-m+fp/hard/crtend.o
LOAD /Users/design/4ms/stm32/gcc-arm-none-eabi-10-2020-q4-major/bin/../lib/gcc/arm-none-eabi/10.2.1/thumb/v7e-m+fp/hard/crtn.o
                0x0000000020004000                _estack = 0x20004000
                0x0000000000000100                _Min_Heap_Size = 0x100
                0x0000000000000400                _Min_Stack_Size = 0x400

.isr_vector     0x0000000008000000      0x1d8
                0x0000000008000000                . = ALIGN (0x4)
 *(.isr_vector)
 .isr_vector    0x0000000008000000      0x1d8 build/stm32/device/Source/Templates/gcc/startup_stm32g431xx.o
                0x0000000008000000                g_pfnVectors
                0x00000000080001d8                . = ALIGN (0x4)

.text           0x00000000080001d8     0x6924
                0x00000000080001d8                . = ALIGN (0x4)
 *(.text)
 .text          0x00000000080001d8       0x40 /Users/design/4ms/stm32/gcc-arm-none-eabi-10-2020-q4-major/bin/../lib/gcc/arm-none-eabi/10.2.1/thumb/v7e-m+fp/hard/crtbegin.o
 .text          0x0000000008000218       0x30 /Users/design/4ms/stm32/gcc-arm-none-eabi-10-2020-q4-major/bin/../lib/gcc/arm-none-eabi/10.2.1/thumb/v7e-m+fp/hard/libgcc.a(_aeabi_uldivmod.o)
                0x0000000008000218                __aeabi_uldivmod
 .text          0x0000000008000248      0x2d0 /Users/design/4ms/stm32/gcc-arm-none-eabi-10-2020-q4-major/bin/../lib/gcc/arm-none-eabi/10.2.1/thumb/v7e-m+fp/hard/libgcc.a(_udivmoddi4.o)
                0x0000000008000248                __udivmoddi4
 .text          0x0000000008000518        0x4 /Users/design/4ms/stm32/gcc-arm-none-eabi-10-2020-q4-major/bin/../lib/gcc/arm-none-eabi/10.2.1/thumb/v7e-m+fp/hard/libgcc.a(_dvmd_tls.o)
                0x0000000008000518                __aeabi_ldiv0
                0x0000000008000518                __aeabi_idiv0
 *(.text*)
 .text.ADC_Init
                0x000000000800051c      0x174 build/src/adc.o
                0x000000000800051c                ADC_Init
 .text.HAL_ADC_MspInit
                0x0000000008000690       0xc0 build/src/adc.o
                0x0000000008000690                HAL_ADC_MspInit
 .text.init_analog_conditioning
                0x0000000008000750      0x104 build/src/analog_conditioning.o
                0x0000000008000750                init_analog_conditioning
 .text.condition_analog
                0x0000000008000854       0xf8 build/src/analog_conditioning.o
                0x0000000008000854                condition_analog
 .text.default_calibration
                0x000000000800094c       0xa0 build/src/calibration.o
                0x000000000800094c                default_calibration
 .text.sanity_check_calibration
                0x00000000080009ec       0xd4 build/src/calibration.o
                0x00000000080009ec                sanity_check_calibration
 .text.calibrate_center_detents
                0x0000000008000ac0      0x1bc build/src/calibration.o
                0x0000000008000ac0                calibrate_center_detents
 .text.calibrate_divmult_pot
                0x0000000008000c7c      0x180 build/src/calibration.o
                0x0000000008000c7c                calibrate_divmult_pot
 .text.calibrate_led_colors
                0x0000000008000dfc       0x88 build/src/calibration.o
                0x0000000008000dfc                calibrate_led_colors
 .text.check_calibration
                0x0000000008000e84       0x90 build/src/calibration.o
                0x0000000008000e84                check_calibration
 .text.debounce_irq
                0x0000000008000f14      0x14c build/src/debounced_digins.o
 .text.init_debouncer
                0x0000000008001060       0x4c build/src/debounced_digins.o
                0x0000000008001060                init_debouncer
 .text.init_dig_inouts
                0x00000000080010ac       0xcc build/src/dig_inouts.o
                0x00000000080010ac                init_dig_inouts
 .text.calc_divided_ping_div_ctr
                0x0000000008001178       0xbc build/src/env_transition.o
 .text.reset_transition_counter
                0x0000000008001234        0xc build/src/env_transition.o
                0x0000000008001234                reset_transition_counter
 .text.force_transition
                0x0000000008001240        0xc build/src/env_transition.o
                0x0000000008001240                force_transition
 .text.check_to_start_transition
                0x000000000800124c       0x20 build/src/env_transition.o
                0x000000000800124c                check_to_start_transition
 .text.do_start_transition
                0x000000000800126c      0x160 build/src/env_transition.o
                0x000000000800126c                do_start_transition
 .text.start_transition
                0x00000000080013cc       0xa4 build/src/env_transition.o
                0x00000000080013cc                start_transition
 .text.update_envelope
                0x0000000008001470      0x2f0 build/src/env_update.o
 .text.update_all_envelopes
                0x0000000008001760       0xd8 build/src/env_update.o
                0x0000000008001760                update_all_envelopes
 .text.check_restart_async_env
                0x0000000008001838       0x40 build/src/env_update.o
                0x0000000008001838                check_restart_async_env
 .text.sync_env_to_clk
                0x0000000008001878       0x3c build/src/env_update.o
                0x0000000008001878                sync_env_to_clk
 .text.resync_on_ping
                0x00000000080018b4       0xcc build/src/env_update.o
                0x00000000080018b4                resync_on_ping
 .text.start_envelope
                0x0000000008001980       0xc0 build/src/env_update.o
                0x0000000008001980                start_envelope
 .text.stop_envelope
                0x0000000008001a40       0x18 build/src/env_update.o
                0x0000000008001a40                stop_envelope
 .text.get_clk_div_nominal
                0x0000000008001a58       0x28 build/src/envelope_calcs.o
                0x0000000008001a58                get_clk_div_nominal
 .text.calc_div_clk_time
                0x0000000008001a80      0x164 build/src/envelope_calcs.o
                0x0000000008001a80                calc_div_clk_time
 .text.get_clk_div_time
                0x0000000008001be4       0x18 build/src/envelope_calcs.o
                0x0000000008001be4                get_clk_div_time
 .text.calc_rise_fall_incs
                0x0000000008001bfc      0x14c build/src/envelope_calcs.o
                0x0000000008001bfc                calc_rise_fall_incs
 .text.calc_skew_and_curves
                0x0000000008001d48       0x94 build/src/envelope_calcs.o
                0x0000000008001d48                calc_skew_and_curves
 .text.calc_curve
                0x0000000008001ddc       0x58 build/src/envelope_calcs.o
                0x0000000008001ddc                calc_curve
 .text.flash_open_erase_page
                0x0000000008001e34       0x2c build/src/flash.o
                0x0000000008001e34                flash_open_erase_page
 .text.flash_begin_open_program
                0x0000000008001e60        0x4 build/src/flash.o
                0x0000000008001e60                flash_begin_open_program
 .text.flash_end_open_program
                0x0000000008001e64        0x4 build/src/flash.o
                0x0000000008001e64                flash_end_open_program
 .text.flash_open_program_word_array
                0x0000000008001e68       0xa4 build/src/flash.o
                0x0000000008001e68                flash_open_program_word_array
 .text.write_settings
                0x0000000008001f0c       0x30 build/src/flash_user.o
                0x0000000008001f0c                write_settings
 .text.default_settings
                0x0000000008001f3c       0x2c build/src/flash_user.o
                0x0000000008001f3c                default_settings
 .text.adjust_hue
                0x0000000008001f68       0x14 build/src/leds.o
                0x0000000008001f68                adjust_hue
 .text.create_color
                0x0000000008001f7c      0x15c build/src/leds.o
                0x0000000008001f7c                create_color
 .text.adjust_palette
                0x00000000080020d8       0xd0 build/src/leds.o
                0x00000000080020d8                adjust_palette
 .text.set_rgb_led
                0x00000000080021a8       0xdc build/src/leds.o
                0x00000000080021a8                set_rgb_led
 .text.set_led_brightness
                0x0000000008002284        0x4 build/src/leds.o
                0x0000000008002284                set_led_brightness
 .text.set_inverted_led
                0x0000000008002288       0x28 build/src/leds.o
                0x0000000008002288                set_inverted_led
 .text.all_lights_off
                0x00000000080022b0       0x90 build/src/leds.o
                0x00000000080022b0                all_lights_off
 .text.startup.main
                0x0000000008002340      0x6c4 build/src/main.o
                0x0000000008002340                main
 .text.SysTick_Handler
                0x0000000008002a04        0x4 build/src/main.o
                0x0000000008002a04                SysTick_Handler
 .text.init_params
                0x0000000008002a08       0x30 build/src/params.o
                0x0000000008002a08                init_params
 .text.update_adc_params
                0x0000000008002a38      0x32c build/src/params.o
                0x0000000008002a38                update_adc_params
 .text.init_pingable_env
                0x0000000008002d64       0x48 build/src/pingable_env.o
                0x0000000008002d64                init_pingable_env
 .text.copy_skew_and_curves
                0x0000000008002dac       0x10 build/src/pingable_env.o
                0x0000000008002dac                copy_skew_and_curves
 .text.copy_rise_fall_incs
                0x0000000008002dbc       0x20 build/src/pingable_env.o
                0x0000000008002dbc                copy_rise_fall_incs
 .text.update_pwm
                0x0000000008002ddc       0x50 build/src/pwm.o
                0x0000000008002ddc                update_pwm
 .text.populate_pwm_pins
                0x0000000008002e2c      0x190 build/src/pwm.o
                0x0000000008002e2c                populate_pwm_pins
 *fill*         0x0000000008002fbc        0x4 
 .text.init_pwm_tim
                0x0000000008002fc0       0xc4 build/src/pwm.o
                0x0000000008002fc0                init_pwm_tim
 .text.init_pwm
                0x0000000008003084       0x60 build/src/pwm.o
                0x0000000008003084                init_pwm
 .text.Error_Handler
                0x00000000080030e4        0x4 build/src/system.o
                0x00000000080030e4                Error_Handler
 .text.system_init
                0x00000000080030e8      0x114 build/src/system.o
                0x00000000080030e8                system_init
 .text.HAL_MspInit
                0x00000000080031fc       0x4c build/src/system.o
                0x00000000080031fc                HAL_MspInit
 .text.enable_gpio_rcc
                0x0000000008003248      0x140 build/src/system.o
                0x0000000008003248                enable_gpio_rcc
 .text.handle_system_mode
                0x0000000008003388      0x4d8 build/src/system_mode.o
                0x0000000008003388                handle_system_mode
 .text.start_timer_IRQ
                0x0000000008003860        0xc build/src/timekeeper.o
                0x0000000008003860                start_timer_IRQ
 .text.init_timekeeper
                0x000000000800386c       0x28 build/src/timekeeper.o
                0x000000000800386c                init_timekeeper
 .text.init_timer_IRQ
                0x0000000008003894      0x168 build/src/timekeeper.o
                0x0000000008003894                init_timer_IRQ
 .text.TIM1_UP_TIM16_IRQHandler
                0x00000000080039fc       0x54 build/src/timekeeper.o
                0x00000000080039fc                TIM1_UP_TIM16_IRQHandler
 .text.TIM2_IRQHandler
                0x0000000008003a50       0x2c build/src/timekeeper.o
                0x0000000008003a50                TIM2_IRQHandler
 .text.TIM3_IRQHandler
                0x0000000008003a7c       0x2c build/src/timekeeper.o
                0x0000000008003a7c                TIM3_IRQHandler
 .text.TIM4_IRQHandler
                0x0000000008003aa8       0x2c build/src/timekeeper.o
                0x0000000008003aa8                TIM4_IRQHandler
 .text.TIM6_DAC_IRQHandler
                0x0000000008003ad4       0x2c build/src/timekeeper.o
                0x0000000008003ad4                TIM6_DAC_IRQHandler
 .text.TIM7_IRQHandler
                0x0000000008003b00       0x2c build/src/timekeeper.o
                0x0000000008003b00                TIM7_IRQHandler
 .text.TIM8_UP_IRQHandler
                0x0000000008003b2c       0x2c build/src/timekeeper.o
                0x0000000008003b2c                TIM8_UP_IRQHandler
 .text.TIM1_BRK_TIM15_IRQHandler
                0x0000000008003b58       0x2c build/src/timekeeper.o
                0x0000000008003b58                TIM1_BRK_TIM15_IRQHandler
 .text.TIM1_TRG_COM_TIM17_IRQHandler
                0x0000000008003b84       0x2c build/src/timekeeper.o
                0x0000000008003b84                TIM1_TRG_COM_TIM17_IRQHandler
 .text.inc_tmrs
                0x0000000008003bb0       0x40 build/src/timers.o
                0x0000000008003bb0                inc_tmrs
 .text.handle_trigout_trigfall
                0x0000000008003bf0       0x2c build/src/trigout.o
                0x0000000008003bf0                handle_trigout_trigfall
 .text.eor_on   0x0000000008003c1c       0x34 build/src/trigout.o
                0x0000000008003c1c                eor_on
 .text.eor_off  0x0000000008003c50       0x38 build/src/trigout.o
                0x0000000008003c50                eor_off
 .text.eof_on   0x0000000008003c88       0x34 build/src/trigout.o
                0x0000000008003c88                eof_on
 .text.eof_off  0x0000000008003cbc       0x3c build/src/trigout.o
                0x0000000008003cbc                eof_off
 .text.hr_on    0x0000000008003cf8       0x38 build/src/trigout.o
                0x0000000008003cf8                hr_on
 .text.hr_off   0x0000000008003d30       0x3c build/src/trigout.o
                0x0000000008003d30                hr_off
 .text.tapclkout_on
                0x0000000008003d6c       0x38 build/src/trigout.o
                0x0000000008003d6c                tapclkout_on
 .text.tapclkout_off
                0x0000000008003da4       0x3c build/src/trigout.o
                0x0000000008003da4                tapclkout_off
 .text.dac_out  0x0000000008003de0       0x28 build/src/dac.o
                0x0000000008003de0                dac_out
 .text.init_dac
                0x0000000008003e08       0x78 build/src/dac.o
                0x0000000008003e08                init_dac
 .text.assign_dac_update_callback
                0x0000000008003e80        0x8 build/src/dac.o
                0x0000000008003e80                assign_dac_update_callback
 .text.HAL_DAC_MspInit
                0x0000000008003e88       0x74 build/src/dac.o
                0x0000000008003e88                HAL_DAC_MspInit
 .text.HAL_InitTick
                0x0000000008003efc       0x4c build/stm32/HAL/Src/stm32g4xx_hal.o
                0x0000000008003efc                HAL_InitTick
 .text.HAL_Init
                0x0000000008003f48       0x20 build/stm32/HAL/Src/stm32g4xx_hal.o
                0x0000000008003f48                HAL_Init
 .text.HAL_IncTick
                0x0000000008003f68       0x18 build/stm32/HAL/Src/stm32g4xx_hal.o
                0x0000000008003f68                HAL_IncTick
 .text.HAL_GetTick
                0x0000000008003f80        0xc build/stm32/HAL/Src/stm32g4xx_hal.o
                0x0000000008003f80                HAL_GetTick
 .text.HAL_Delay
                0x0000000008003f8c       0x24 build/stm32/HAL/Src/stm32g4xx_hal.o
                0x0000000008003f8c                HAL_Delay
 .text.HAL_SYSCFG_VREFBUF_HighImpedanceConfig
                0x0000000008003fb0       0x14 build/stm32/HAL/Src/stm32g4xx_hal.o
                0x0000000008003fb0                HAL_SYSCFG_VREFBUF_HighImpedanceConfig
 .text.HAL_SYSCFG_DisableVREFBUF
                0x0000000008003fc4       0x10 build/stm32/HAL/Src/stm32g4xx_hal.o
                0x0000000008003fc4                HAL_SYSCFG_DisableVREFBUF
 .text.HAL_ADC_Init
                0x0000000008003fd4      0x204 build/stm32/HAL/Src/stm32g4xx_hal_adc.o
                0x0000000008003fd4                HAL_ADC_Init
 .text.HAL_ADC_ConvCpltCallback
                0x00000000080041d8        0x4 build/stm32/HAL/Src/stm32g4xx_hal_adc.o
                0x00000000080041d8                HAL_ADC_ConvCpltCallback
 .text.HAL_ADC_ConvHalfCpltCallback
                0x00000000080041dc        0x4 build/stm32/HAL/Src/stm32g4xx_hal_adc.o
                0x00000000080041dc                HAL_ADC_ConvHalfCpltCallback
 .text.ADC_DMAHalfConvCplt
                0x00000000080041e0        0xc build/stm32/HAL/Src/stm32g4xx_hal_adc.o
                0x00000000080041e0                ADC_DMAHalfConvCplt
 .text.HAL_ADC_ErrorCallback
                0x00000000080041ec        0x4 build/stm32/HAL/Src/stm32g4xx_hal_adc.o
                0x00000000080041ec                HAL_ADC_ErrorCallback
 .text.ADC_DMAConvCplt
                0x00000000080041f0       0x6c build/stm32/HAL/Src/stm32g4xx_hal_adc.o
                0x00000000080041f0                ADC_DMAConvCplt
 .text.ADC_DMAError
                0x000000000800425c       0x1c build/stm32/HAL/Src/stm32g4xx_hal_adc.o
                0x000000000800425c                ADC_DMAError
 .text.HAL_ADC_ConfigChannel
                0x0000000008004278      0x48c build/stm32/HAL/Src/stm32g4xx_hal_adc.o
                0x0000000008004278                HAL_ADC_ConfigChannel
 .text.ADC_Enable
                0x0000000008004704       0x80 build/stm32/HAL/Src/stm32g4xx_hal_adc.o
                0x0000000008004704                ADC_Enable
 .text.HAL_ADC_Start_DMA
                0x0000000008004784       0xf8 build/stm32/HAL/Src/stm32g4xx_hal_adc.o
                0x0000000008004784                HAL_ADC_Start_DMA
 .text.ADC_Disable
                0x000000000800487c       0x68 build/stm32/HAL/Src/stm32g4xx_hal_adc.o
                0x000000000800487c                ADC_Disable
 .text.HAL_ADCEx_Calibration_Start
                0x00000000080048e4       0x9c build/stm32/HAL/Src/stm32g4xx_hal_adc_ex.o
                0x00000000080048e4                HAL_ADCEx_Calibration_Start
 .text.HAL_ADCEx_MultiModeConfigChannel
                0x0000000008004980       0xc4 build/stm32/HAL/Src/stm32g4xx_hal_adc_ex.o
                0x0000000008004980                HAL_ADCEx_MultiModeConfigChannel
 .text.HAL_NVIC_SetPriorityGrouping
                0x0000000008004a44       0x24 build/stm32/HAL/Src/stm32g4xx_hal_cortex.o
                0x0000000008004a44                HAL_NVIC_SetPriorityGrouping
 .text.HAL_NVIC_SetPriority
                0x0000000008004a68       0x7c build/stm32/HAL/Src/stm32g4xx_hal_cortex.o
                0x0000000008004a68                HAL_NVIC_SetPriority
 .text.HAL_NVIC_EnableIRQ
                0x0000000008004ae4       0x1c build/stm32/HAL/Src/stm32g4xx_hal_cortex.o
                0x0000000008004ae4                HAL_NVIC_EnableIRQ
 .text.HAL_SYSTICK_Config
                0x0000000008004b00       0x34 build/stm32/HAL/Src/stm32g4xx_hal_cortex.o
                0x0000000008004b00                HAL_SYSTICK_Config
 .text.HAL_DAC_Init
                0x0000000008004b34       0x2c build/stm32/HAL/Src/stm32g4xx_hal_dac.o
                0x0000000008004b34                HAL_DAC_Init
 .text.HAL_DAC_Start
                0x0000000008004b60       0x6c build/stm32/HAL/Src/stm32g4xx_hal_dac.o
                0x0000000008004b60                HAL_DAC_Start
 .text.HAL_DAC_SetValue
                0x0000000008004bcc       0x30 build/stm32/HAL/Src/stm32g4xx_hal_dac.o
                0x0000000008004bcc                HAL_DAC_SetValue
 .text.HAL_DAC_ConfigChannel
                0x0000000008004bfc      0x1cc build/stm32/HAL/Src/stm32g4xx_hal_dac.o
                0x0000000008004bfc                HAL_DAC_ConfigChannel
 .text.HAL_DMA_Init
                0x0000000008004dc8      0x12c build/stm32/HAL/Src/stm32g4xx_hal_dma.o
                0x0000000008004dc8                HAL_DMA_Init
 .text.HAL_DMA_Start_IT
                0x0000000008004ef4       0xb4 build/stm32/HAL/Src/stm32g4xx_hal_dma.o
                0x0000000008004ef4                HAL_DMA_Start_IT
 .text.HAL_FLASH_Program
                0x0000000008004fa8      0x154 build/stm32/HAL/Src/stm32g4xx_hal_flash.o
                0x0000000008004fa8                HAL_FLASH_Program
 .text.HAL_FLASH_Unlock
                0x00000000080050fc       0x28 build/stm32/HAL/Src/stm32g4xx_hal_flash.o
                0x00000000080050fc                HAL_FLASH_Unlock
 .text.HAL_FLASH_Lock
                0x0000000008005124       0x18 build/stm32/HAL/Src/stm32g4xx_hal_flash.o
                0x0000000008005124                HAL_FLASH_Lock
 .text.HAL_FLASH_OB_Unlock
                0x000000000800513c       0x28 build/stm32/HAL/Src/stm32g4xx_hal_flash.o
                0x000000000800513c                HAL_FLASH_OB_Unlock
 .text.HAL_FLASH_OB_Lock
                0x0000000008005164       0x1c build/stm32/HAL/Src/stm32g4xx_hal_flash.o
                0x0000000008005164                HAL_FLASH_OB_Lock
 .text.FLASH_WaitForLastOperation
                0x0000000008005180       0x54 build/stm32/HAL/Src/stm32g4xx_hal_flash.o
                0x0000000008005180                FLASH_WaitForLastOperation
 .text.HAL_FLASHEx_Erase
                0x00000000080051d4      0x15c build/stm32/HAL/Src/stm32g4xx_hal_flash_ex.o
                0x00000000080051d4                HAL_FLASHEx_Erase
 .text.HAL_FLASHEx_OBProgram
                0x0000000008005330      0x2fc build/stm32/HAL/Src/stm32g4xx_hal_flash_ex.o
                0x0000000008005330                HAL_FLASHEx_OBProgram
 .text.HAL_GPIO_Init
                0x000000000800562c      0x210 build/stm32/HAL/Src/stm32g4xx_hal_gpio.o
                0x000000000800562c                HAL_GPIO_Init
 .text.HAL_PWREx_ControlVoltageScaling
                0x000000000800583c       0xfc build/stm32/HAL/Src/stm32g4xx_hal_pwr_ex.o
                0x000000000800583c                HAL_PWREx_ControlVoltageScaling
 .text.HAL_RCC_OscConfig
                0x0000000008005938      0x498 build/stm32/HAL/Src/stm32g4xx_hal_rcc.o
                0x0000000008005938                HAL_RCC_OscConfig
 .text.HAL_RCC_GetSysClockFreq
                0x0000000008005dd0       0x5c build/stm32/HAL/Src/stm32g4xx_hal_rcc.o
                0x0000000008005dd0                HAL_RCC_GetSysClockFreq
 .text.HAL_RCC_ClockConfig
                0x0000000008005e2c      0x214 build/stm32/HAL/Src/stm32g4xx_hal_rcc.o
                0x0000000008005e2c                HAL_RCC_ClockConfig
 .text.HAL_RCC_GetHCLKFreq
                0x0000000008006040        0xc build/stm32/HAL/Src/stm32g4xx_hal_rcc.o
                0x0000000008006040                HAL_RCC_GetHCLKFreq
 .text.HAL_RCCEx_PeriphCLKConfig
                0x000000000800604c      0x298 build/stm32/HAL/Src/stm32g4xx_hal_rcc_ex.o
                0x000000000800604c                HAL_RCCEx_PeriphCLKConfig
 .text.TIM_OC1_SetConfig
                0x00000000080062e4       0x78 build/stm32/HAL/Src/stm32g4xx_hal_tim.o
 .text.TIM_OC3_SetConfig
                0x000000000800635c       0x80 build/stm32/HAL/Src/stm32g4xx_hal_tim.o
 .text.TIM_OC4_SetConfig
                0x00000000080063dc       0x80 build/stm32/HAL/Src/stm32g4xx_hal_tim.o
 .text.HAL_TIM_Base_MspInit
                0x000000000800645c        0x4 build/stm32/HAL/Src/stm32g4xx_hal_tim.o
                0x000000000800645c                HAL_TIM_Base_MspInit
 .text.HAL_TIM_Base_Init
                0x0000000008006460      0x110 build/stm32/HAL/Src/stm32g4xx_hal_tim.o
                0x0000000008006460                HAL_TIM_Base_Init
 .text.HAL_TIM_Base_Start_IT
                0x0000000008006570       0x40 build/stm32/HAL/Src/stm32g4xx_hal_tim.o
                0x0000000008006570                HAL_TIM_Base_Start_IT
 .text.HAL_TIM_PWM_MspInit
                0x00000000080065b0        0x4 build/stm32/HAL/Src/stm32g4xx_hal_tim.o
                0x00000000080065b0                HAL_TIM_PWM_MspInit
 .text.HAL_TIM_PWM_Init
                0x00000000080065b4      0x110 build/stm32/HAL/Src/stm32g4xx_hal_tim.o
                0x00000000080065b4                HAL_TIM_PWM_Init
 .text.HAL_TIM_PWM_Start
                0x00000000080066c4       0xec build/stm32/HAL/Src/stm32g4xx_hal_tim.o
                0x00000000080066c4                HAL_TIM_PWM_Start
 .text.TIM_OC2_SetConfig
                0x00000000080067b0       0x80 build/stm32/HAL/Src/stm32g4xx_hal_tim.o
                0x00000000080067b0                TIM_OC2_SetConfig
 .text.HAL_TIM_PWM_ConfigChannel
                0x0000000008006830      0x1ec build/stm32/HAL/Src/stm32g4xx_hal_tim.o
                0x0000000008006830                HAL_TIM_PWM_ConfigChannel
 .text.Reset_Handler
                0x0000000008006a1c       0x50 build/stm32/device/Source/Templates/gcc/startup_stm32g431xx.o
                0x0000000008006a1c                Reset_Handler
 .text.Default_Handler
                0x0000000008006a6c        0x2 build/stm32/device/Source/Templates/gcc/startup_stm32g431xx.o
                0x0000000008006a6c                COMP4_IRQHandler
                0x0000000008006a6c                EXTI2_IRQHandler
                0x0000000008006a6c                TIM8_TRG_COM_IRQHandler
                0x0000000008006a6c                TIM8_CC_IRQHandler
                0x0000000008006a6c                DebugMon_Handler
                0x0000000008006a6c                TIM1_CC_IRQHandler
                0x0000000008006a6c                HardFault_Handler
                0x0000000008006a6c                USB_HP_IRQHandler
                0x0000000008006a6c                CORDIC_IRQHandler
                0x0000000008006a6c                PendSV_Handler
                0x0000000008006a6c                NMI_Handler
                0x0000000008006a6c                EXTI3_IRQHandler
                0x0000000008006a6c                I2C3_ER_IRQHandler
                0x0000000008006a6c                EXTI0_IRQHandler
                0x0000000008006a6c                I2C2_EV_IRQHandler
                0x0000000008006a6c                FPU_IRQHandler
                0x0000000008006a6c                FDCAN1_IT1_IRQHandler
                0x0000000008006a6c                UsageFault_Handler
                0x0000000008006a6c                ADC1_2_IRQHandler
                0x0000000008006a6c                SPI1_IRQHandler
                0x0000000008006a6c                DMA2_Channel2_IRQHandler
                0x0000000008006a6c                DMA1_Channel4_IRQHandler
                0x0000000008006a6c                USART3_IRQHandler
                0x0000000008006a6c                DMA2_Channel1_IRQHandler
                0x0000000008006a6c                I2C1_EV_IRQHandler
                0x0000000008006a6c                DMA1_Channel6_IRQHandler
                0x0000000008006a6c                UART4_IRQHandler
                0x0000000008006a6c                DMA2_Channel4_IRQHandler
                0x0000000008006a6c                RCC_IRQHandler
                0x0000000008006a6c                DMA1_Channel1_IRQHandler
                0x0000000008006a6c                Default_Handler
                0x0000000008006a6c                RTC_TAMP_LSECSS_IRQHandler
                0x0000000008006a6c                FMAC_IRQHandler
                0x0000000008006a6c                EXTI15_10_IRQHandler
                0x0000000008006a6c                UCPD1_IRQHandler
                0x0000000008006a6c                I2C3_EV_IRQHandler
                0x0000000008006a6c                EXTI9_5_IRQHandler
                0x0000000008006a6c                RTC_WKUP_IRQHandler
                0x0000000008006a6c                PVD_PVM_IRQHandler
                0x0000000008006a6c                SPI2_IRQHandler
                0x0000000008006a6c                MemManage_Handler
                0x0000000008006a6c                SVC_Handler
                0x0000000008006a6c                DMA2_Channel5_IRQHandler
                0x0000000008006a6c                CRS_IRQHandler
                0x0000000008006a6c                DMA1_Channel5_IRQHandler
                0x0000000008006a6c                USB_LP_IRQHandler
                0x0000000008006a6c                EXTI4_IRQHandler
                0x0000000008006a6c                RNG_IRQHandler
                0x0000000008006a6c                DMA1_Channel3_IRQHandler
                0x0000000008006a6c                WWDG_IRQHandler
                0x0000000008006a6c                LPUART1_IRQHandler
                0x0000000008006a6c                DMA2_Channel6_IRQHandler
                0x0000000008006a6c                FDCAN1_IT0_IRQHandler
                0x0000000008006a6c                COMP1_2_3_IRQHandler
                0x0000000008006a6c                EXTI1_IRQHandler
                0x0000000008006a6c                USART2_IRQHandler
                0x0000000008006a6c                I2C2_ER_IRQHandler
                0x0000000008006a6c                DMA1_Channel2_IRQHandler
                0x0000000008006a6c                TIM8_BRK_IRQHandler
                0x0000000008006a6c                FLASH_IRQHandler
                0x0000000008006a6c                BusFault_Handler
                0x0000000008006a6c                USART1_IRQHandler
                0x0000000008006a6c                SPI3_IRQHandler
                0x0000000008006a6c                I2C1_ER_IRQHandler
                0x0000000008006a6c                LPTIM1_IRQHandler
                0x0000000008006a6c                DMAMUX_OVR_IRQHandler
                0x0000000008006a6c                USBWakeUp_IRQHandler
                0x0000000008006a6c                SAI1_IRQHandler
                0x0000000008006a6c                DMA2_Channel3_IRQHandler
                0x0000000008006a6c                RTC_Alarm_IRQHandler
 *fill*         0x0000000008006a6e        0x2 
 .text.SystemInit
                0x0000000008006a70       0x1c build/stm32/device/Source/Templates/system_stm32g4xx.o
                0x0000000008006a70                SystemInit
 .text.__libc_init_array
                0x0000000008006a8c       0x48 /Users/design/4ms/stm32/gcc-arm-none-eabi-10-2020-q4-major/bin/../lib/gcc/arm-none-eabi/10.2.1/../../../../arm-none-eabi/lib/thumb/v7e-m+fp/hard/libc_nano.a(lib_a-init.o)
                0x0000000008006a8c                __libc_init_array
 .text.memset   0x0000000008006ad4       0x10 /Users/design/4ms/stm32/gcc-arm-none-eabi-10-2020-q4-major/bin/../lib/gcc/arm-none-eabi/10.2.1/../../../../arm-none-eabi/lib/thumb/v7e-m+fp/hard/libc_nano.a(lib_a-memset.o)
                0x0000000008006ad4                memset
 *(.glue_7)
 .glue_7        0x0000000008006ae4        0x0 linker stubs
 *(.glue_7t)
 .glue_7t       0x0000000008006ae4        0x0 linker stubs
 *(.eh_frame)
 .eh_frame      0x0000000008006ae4        0x0 /Users/design/4ms/stm32/gcc-arm-none-eabi-10-2020-q4-major/bin/../lib/gcc/arm-none-eabi/10.2.1/thumb/v7e-m+fp/hard/crtbegin.o
 *(.init)
 .init          0x0000000008006ae4        0x4 /Users/design/4ms/stm32/gcc-arm-none-eabi-10-2020-q4-major/bin/../lib/gcc/arm-none-eabi/10.2.1/thumb/v7e-m+fp/hard/crti.o
                0x0000000008006ae4                _init
 .init          0x0000000008006ae8        0x8 /Users/design/4ms/stm32/gcc-arm-none-eabi-10-2020-q4-major/bin/../lib/gcc/arm-none-eabi/10.2.1/thumb/v7e-m+fp/hard/crtn.o
 *(.fini)
 .fini          0x0000000008006af0        0x4 /Users/design/4ms/stm32/gcc-arm-none-eabi-10-2020-q4-major/bin/../lib/gcc/arm-none-eabi/10.2.1/thumb/v7e-m+fp/hard/crti.o
                0x0000000008006af0                _fini
 .fini          0x0000000008006af4        0x8 /Users/design/4ms/stm32/gcc-arm-none-eabi-10-2020-q4-major/bin/../lib/gcc/arm-none-eabi/10.2.1/thumb/v7e-m+fp/hard/crtn.o
                0x0000000008006afc                . = ALIGN (0x4)
                0x0000000008006afc                _etext = .

.vfp11_veneer   0x0000000008006afc        0x0
 .vfp11_veneer  0x0000000008006afc        0x0 linker stubs

.v4_bx          0x0000000008006afc        0x0
 .v4_bx         0x0000000008006afc        0x0 linker stubs

.iplt           0x0000000008006afc        0x0
 .iplt          0x0000000008006afc        0x0 /Users/design/4ms/stm32/gcc-arm-none-eabi-10-2020-q4-major/bin/../lib/gcc/arm-none-eabi/10.2.1/thumb/v7e-m+fp/hard/crtbegin.o

.rodata         0x0000000008006afc     0x2064
                0x0000000008006afc                . = ALIGN (0x4)
 *(.rodata)
 .rodata        0x0000000008006afc       0x40 build/src/adc.o
 *(.rodata*)
 .rodata.P_array
                0x0000000008006b3c       0x13 build/src/envelope_calcs.o
                0x0000000008006b3c                P_array
 *fill*         0x0000000008006b4f        0x1 
 .rodata.log4096
                0x0000000008006b50     0x2000 build/src/envelope_calcs.o
                0x0000000008006b50                log4096
 .rodata.AHBPrescTable
                0x0000000008008b50       0x10 build/stm32/device/Source/Templates/system_stm32g4xx.o
                0x0000000008008b50                AHBPrescTable
                0x0000000008008b60                . = ALIGN (0x4)

.ARM.extab
 *(.ARM.extab* .gnu.linkonce.armextab.*)

.ARM            0x0000000008008b60        0x8
                0x0000000008008b60                __exidx_start = .
 *(.ARM.exidx*)
 .ARM.exidx     0x0000000008008b60        0x8 /Users/design/4ms/stm32/gcc-arm-none-eabi-10-2020-q4-major/bin/../lib/gcc/arm-none-eabi/10.2.1/thumb/v7e-m+fp/hard/libgcc.a(_udivmoddi4.o)
                0x0000000008008b68                __exidx_end = .

.rel.dyn        0x0000000008008b68        0x0
 .rel.iplt      0x0000000008008b68        0x0 /Users/design/4ms/stm32/gcc-arm-none-eabi-10-2020-q4-major/bin/../lib/gcc/arm-none-eabi/10.2.1/thumb/v7e-m+fp/hard/crtbegin.o

.preinit_array  0x0000000008008b68        0x0
                0x0000000008008b68                PROVIDE (__preinit_array_start = .)
 *(.preinit_array*)
                0x0000000008008b68                PROVIDE (__preinit_array_end = .)

.init_array     0x0000000008008b68        0x4
                0x0000000008008b68                PROVIDE (__init_array_start = .)
 *(SORT_BY_NAME(.init_array.*))
 *(.init_array*)
 .init_array    0x0000000008008b68        0x4 /Users/design/4ms/stm32/gcc-arm-none-eabi-10-2020-q4-major/bin/../lib/gcc/arm-none-eabi/10.2.1/thumb/v7e-m+fp/hard/crtbegin.o
                0x0000000008008b6c                PROVIDE (__init_array_end = .)

.fini_array     0x0000000008008b6c        0x4
                [!provide]                        PROVIDE (__fini_array_start = .)
 *(SORT_BY_NAME(.fini_array.*))
 *(.fini_array*)
 .fini_array    0x0000000008008b6c        0x4 /Users/design/4ms/stm32/gcc-arm-none-eabi-10-2020-q4-major/bin/../lib/gcc/arm-none-eabi/10.2.1/thumb/v7e-m+fp/hard/crtbegin.o
                [!provide]                        PROVIDE (__fini_array_end = .)
                0x0000000008008b70                _sidata = LOADADDR (.data)

.data           0x0000000020000000       0x2c load address 0x0000000008008b70
                0x0000000020000000                . = ALIGN (0x4)
                0x0000000020000000                _sdata = .
 *(.data)
 *(.data*)
 .data.uwTickFreq
                0x0000000020000000        0x4 build/stm32/HAL/Src/stm32g4xx_hal.o
                0x0000000020000000                uwTickFreq
 .data.uwTickPrio
                0x0000000020000004        0x4 build/stm32/HAL/Src/stm32g4xx_hal.o
                0x0000000020000004                uwTickPrio
 .data.pFlash   0x0000000020000008       0x20 build/stm32/HAL/Src/stm32g4xx_hal_flash.o
                0x0000000020000008                pFlash
 .data.SystemCoreClock
                0x0000000020000028        0x4 build/stm32/device/Source/Templates/system_stm32g4xx.o
                0x0000000020000028                SystemCoreClock
                0x000000002000002c                . = ALIGN (0x4)
                0x000000002000002c                _edata = .

.igot.plt       0x000000002000002c        0x0 load address 0x0000000008008b9c
 .igot.plt      0x000000002000002c        0x0 /Users/design/4ms/stm32/gcc-arm-none-eabi-10-2020-q4-major/bin/../lib/gcc/arm-none-eabi/10.2.1/thumb/v7e-m+fp/hard/crtbegin.o
                0x000000002000002c                . = ALIGN (0x4)

.bss            0x000000002000002c      0xaac load address 0x0000000008008b9c
                0x000000002000002c                _sbss = .
                0x000000002000002c                __bss_start__ = _sbss
 *(.bss)
 .bss           0x000000002000002c       0x1c /Users/design/4ms/stm32/gcc-arm-none-eabi-10-2020-q4-major/bin/../lib/gcc/arm-none-eabi/10.2.1/thumb/v7e-m+fp/hard/crtbegin.o
 *(.bss*)
 .bss.HAL_RCC_ADC12_CLK_ENABLED
                0x0000000020000048        0x4 build/src/adc.o
 .bss.hadc1     0x000000002000004c       0x6c build/src/adc.o
                0x000000002000004c                hadc1
 .bss.hadc2     0x00000000200000b8       0x6c build/src/adc.o
                0x00000000200000b8                hadc2
 .bss.hdma_adc1
                0x0000000020000124       0x60 build/src/adc.o
                0x0000000020000124                hdma_adc1
 .bss.hdma_adc2
                0x0000000020000184       0x60 build/src/adc.o
                0x0000000020000184                hdma_adc2
 .bss.adc_cv_dma_buffer
                0x00000000200001e4        0x4 build/src/analog_conditioning.o
                0x00000000200001e4                adc_cv_dma_buffer
 .bss.adc_pot_dma_buffer
                0x00000000200001e8        0x8 build/src/analog_conditioning.o
                0x00000000200001e8                adc_pot_dma_buffer
 .bss.analog    0x00000000200001f0       0x48 build/src/analog_conditioning.o
                0x00000000200001f0                analog
 .bss.oversample_ctr.0
                0x0000000020000238        0x1 build/src/analog_conditioning.o
 *fill*         0x0000000020000239        0x3 
 .bss.digin     0x000000002000023c       0x18 build/src/debounced_digins.o
                0x000000002000023c                digin
 .bss.didnt_change_divmult
                0x0000000020000254        0x4 build/src/env_transition.o
 .bss.settings  0x0000000020000258       0x60 build/src/flash_user.o
                0x0000000020000258                settings
 .bss.palette   0x00000000200002b8      0x168 build/src/leds.o
                0x00000000200002b8                palette
 .bss.a         0x0000000020000420       0x4c build/src/main.o
                0x0000000020000420                a
 .bss.adjusting_shift_mode
                0x000000002000046c        0x1 build/src/main.o
                0x000000002000046c                adjusting_shift_mode
 *fill*         0x000000002000046d        0x3 
 .bss.clk_time  0x0000000020000470        0x4 build/src/main.o
                0x0000000020000470                clk_time
 .bss.cycle_but_on
                0x0000000020000474        0x1 build/src/main.o
                0x0000000020000474                cycle_but_on
 *fill*         0x0000000020000475        0x1 
 .bss.cycle_latched_offset
                0x0000000020000476        0x2 build/src/main.o
                0x0000000020000476                cycle_latched_offset
 .bss.div_ping_led
                0x0000000020000478        0x1 build/src/main.o
                0x0000000020000478                div_ping_led
 .bss.do_toggle_cycle
                0x0000000020000479        0x1 build/src/main.o
                0x0000000020000479                do_toggle_cycle
 .bss.force_params_update
                0x000000002000047a        0x1 build/src/main.o
                0x000000002000047a                force_params_update
 .bss.got_tap_clock
                0x000000002000047b        0x1 build/src/main.o
                0x000000002000047b                got_tap_clock
 .bss.last_tapin_time
                0x000000002000047c        0x4 build/src/main.o
                0x000000002000047c                last_tapin_time
 .bss.m         0x0000000020000480       0x4c build/src/main.o
                0x0000000020000480                m
 .bss.ping_irq_timestamp
                0x00000000200004cc        0x4 build/src/main.o
                0x00000000200004cc                ping_irq_timestamp
 .bss.tapout_clk_time
                0x00000000200004d0        0x4 build/src/main.o
                0x00000000200004d0                tapout_clk_time
 .bss.using_tap_clock
                0x00000000200004d4        0x1 build/src/main.o
                0x00000000200004d4                using_tap_clock
 .bss.last_clock_divider_amount.0
                0x00000000200004d5        0x1 build/src/params.o
 .bss.last_total_adc.1
                0x00000000200004d6        0x2 build/src/params.o
 .bss.offset    0x00000000200004d8        0x4 build/src/params.o
                0x00000000200004d8                offset
 .bss.oversample_wait_ctr.2
                0x00000000200004dc        0x2 build/src/params.o
 .bss.poll_user_input.3
                0x00000000200004de        0x2 build/src/params.o
 .bss.scale     0x00000000200004e0        0x4 build/src/params.o
                0x00000000200004e0                scale
 .bss.shape     0x00000000200004e4        0x2 build/src/params.o
 *fill*         0x00000000200004e6        0x2 
 .bss.shift     0x00000000200004e8        0x4 build/src/params.o
                0x00000000200004e8                shift
 .bss.pwm       0x00000000200004ec      0x4e0 build/src/pwm.o
                0x00000000200004ec                pwm
 .bss.cycle_held_time.1
                0x00000000200009cc        0x4 build/src/system_mode.o
 .bss.ping_held_time.0
                0x00000000200009d0        0x4 build/src/system_mode.o
 .bss.tim_callbacks
                0x00000000200009d4       0x54 build/src/timekeeper.o
                0x00000000200009d4                tim_callbacks
 .bss.tim_timing
                0x0000000020000a28       0x7e build/src/timekeeper.o
                0x0000000020000a28                tim_timing
 *fill*         0x0000000020000aa6        0x2 
 .bss.pingtmr   0x0000000020000aa8        0x4 build/src/timers.o
                0x0000000020000aa8                pingtmr
 .bss.systmr    0x0000000020000aac        0x4 build/src/timers.o
                0x0000000020000aac                systmr
 .bss.tapintmr  0x0000000020000ab0        0x4 build/src/timers.o
                0x0000000020000ab0                tapintmr
 .bss.tapouttmr
                0x0000000020000ab4        0x4 build/src/timers.o
                0x0000000020000ab4                tapouttmr
 .bss.trigouttmr
                0x0000000020000ab8        0x4 build/src/timers.o
                0x0000000020000ab8                trigouttmr
 .bss.trigout_high
                0x0000000020000abc        0x1 build/src/trigout.o
                0x0000000020000abc                trigout_high
 *fill*         0x0000000020000abd        0x3 
 .bss.hdac1     0x0000000020000ac0       0x14 build/src/dac.o
                0x0000000020000ac0                hdac1
 .bss.uwTick    0x0000000020000ad4        0x4 build/stm32/HAL/Src/stm32g4xx_hal.o
                0x0000000020000ad4                uwTick
 *(COMMON)
                0x0000000020000ad8                . = ALIGN (0x4)
                0x0000000020000ad8                _ebss = .
                0x0000000020000ad8                __bss_end__ = _ebss

._user_heap_stack
                0x0000000020000ad8      0x500 load address 0x0000000008008b9c
                0x0000000020000ad8                . = ALIGN (0x8)
                [!provide]                        PROVIDE (end = .)
                [!provide]                        PROVIDE (_end = .)
                0x0000000020000bd8                . = (. + _Min_Heap_Size)
 *fill*         0x0000000020000ad8      0x100 
                0x0000000020000fd8                . = (. + _Min_Stack_Size)
 *fill*         0x0000000020000bd8      0x400 
                0x0000000020000fd8                . = ALIGN (0x8)

/DISCARD/
 libc.a(*)
 libm.a(*)
 libgcc.a(*)

.ARM.attributes
                0x0000000000000000       0x30
 *(.ARM.attributes)
 .ARM.attributes
                0x0000000000000000       0x1e /Users/design/4ms/stm32/gcc-arm-none-eabi-10-2020-q4-major/bin/../lib/gcc/arm-none-eabi/10.2.1/thumb/v7e-m+fp/hard/crti.o
 .ARM.attributes
                0x000000000000001e       0x34 /Users/design/4ms/stm32/gcc-arm-none-eabi-10-2020-q4-major/bin/../lib/gcc/arm-none-eabi/10.2.1/thumb/v7e-m+fp/hard/crtbegin.o
 .ARM.attributes
                0x0000000000000052       0x34 build/src/adc.o
 .ARM.attributes
                0x0000000000000086       0x34 build/src/analog_conditioning.o
 .ARM.attributes
                0x00000000000000ba       0x34 build/src/calibration.o
 .ARM.attributes
                0x00000000000000ee       0x34 build/src/debounced_digins.o
 .ARM.attributes
                0x0000000000000122       0x34 build/src/dig_inouts.o
 .ARM.attributes
                0x0000000000000156       0x34 build/src/env_transition.o
 .ARM.attributes
                0x000000000000018a       0x34 build/src/env_update.o
 .ARM.attributes
                0x00000000000001be       0x34 build/src/envelope_calcs.o
 .ARM.attributes
                0x00000000000001f2       0x34 build/src/flash.o
 .ARM.attributes
                0x0000000000000226       0x34 build/src/flash_user.o
 .ARM.attributes
                0x000000000000025a       0x34 build/src/leds.o
 .ARM.attributes
                0x000000000000028e       0x34 build/src/main.o
 .ARM.attributes
                0x00000000000002c2       0x34 build/src/params.o
 .ARM.attributes
                0x00000000000002f6       0x34 build/src/pingable_env.o
 .ARM.attributes
                0x000000000000032a       0x34 build/src/pwm.o
 .ARM.attributes
                0x000000000000035e       0x34 build/src/system.o
 .ARM.attributes
                0x0000000000000392       0x34 build/src/system_mode.o
 .ARM.attributes
                0x00000000000003c6       0x34 build/src/timekeeper.o
 .ARM.attributes
                0x00000000000003fa       0x34 build/src/timers.o
 .ARM.attributes
                0x000000000000042e       0x34 build/src/trigout.o
 .ARM.attributes
                0x0000000000000462       0x34 build/src/dac.o
 .ARM.attributes
                0x0000000000000496       0x34 build/stm32/HAL/Src/stm32g4xx_hal.o
 .ARM.attributes
                0x00000000000004ca       0x34 build/stm32/HAL/Src/stm32g4xx_hal_adc.o
 .ARM.attributes
                0x00000000000004fe       0x34 build/stm32/HAL/Src/stm32g4xx_hal_adc_ex.o
 .ARM.attributes
                0x0000000000000532       0x34 build/stm32/HAL/Src/stm32g4xx_hal_cortex.o
 .ARM.attributes
                0x0000000000000566       0x34 build/stm32/HAL/Src/stm32g4xx_hal_dac.o
 .ARM.attributes
                0x000000000000059a       0x34 build/stm32/HAL/Src/stm32g4xx_hal_dma.o
 .ARM.attributes
                0x00000000000005ce       0x34 build/stm32/HAL/Src/stm32g4xx_hal_flash.o
 .ARM.attributes
                0x0000000000000602       0x34 build/stm32/HAL/Src/stm32g4xx_hal_flash_ex.o
 .ARM.attributes
                0x0000000000000636       0x34 build/stm32/HAL/Src/stm32g4xx_hal_gpio.o
 .ARM.attributes
                0x000000000000066a       0x34 build/stm32/HAL/Src/stm32g4xx_hal_pwr_ex.o
 .ARM.attributes
                0x000000000000069e       0x34 build/stm32/HAL/Src/stm32g4xx_hal_rcc.o
 .ARM.attributes
                0x00000000000006d2       0x34 build/stm32/HAL/Src/stm32g4xx_hal_rcc_ex.o
 .ARM.attributes
                0x0000000000000706       0x34 build/stm32/HAL/Src/stm32g4xx_hal_tim.o
 .ARM.attributes
                0x000000000000073a       0x21 build/stm32/device/Source/Templates/gcc/startup_stm32g431xx.o
 .ARM.attributes
                0x000000000000075b       0x34 build/stm32/device/Source/Templates/system_stm32g4xx.o
 .ARM.attributes
                0x000000000000078f       0x1e /Users/design/4ms/stm32/gcc-arm-none-eabi-10-2020-q4-major/bin/../lib/gcc/arm-none-eabi/10.2.1/thumb/v7e-m+fp/hard/libgcc.a(_aeabi_uldivmod.o)
 .ARM.attributes
                0x00000000000007ad       0x34 /Users/design/4ms/stm32/gcc-arm-none-eabi-10-2020-q4-major/bin/../lib/gcc/arm-none-eabi/10.2.1/thumb/v7e-m+fp/hard/libgcc.a(_udivmoddi4.o)
 .ARM.attributes
                0x00000000000007e1       0x1e /Users/design/4ms/stm32/gcc-arm-none-eabi-10-2020-q4-major/bin/../lib/gcc/arm-none-eabi/10.2.1/thumb/v7e-m+fp/hard/libgcc.a(_dvmd_tls.o)
 .ARM.attributes
                0x00000000000007ff       0x34 /Users/design/4ms/stm32/gcc-arm-none-eabi-10-2020-q4-major/bin/../lib/gcc/arm-none-eabi/10.2.1/../../../../arm-none-eabi/lib/thumb/v7e-m+fp/hard/libc_nano.a(lib_a-init.o)
 .ARM.attributes
                0x0000000000000833       0x34 /Users/design/4ms/stm32/gcc-arm-none-eabi-10-2020-q4-major/bin/../lib/gcc/arm-none-eabi/10.2.1/../../../../arm-none-eabi/lib/thumb/v7e-m+fp/hard/libc_nano.a(lib_a-memset.o)
 .ARM.attributes
                0x0000000000000867       0x1e /Users/design/4ms/stm32/gcc-arm-none-eabi-10-2020-q4-major/bin/../lib/gcc/arm-none-eabi/10.2.1/thumb/v7e-m+fp/hard/crtn.o
OUTPUT(build/main.elf elf32-littlearm)
LOAD linker stubs
LOAD /Users/design/4ms/stm32/gcc-arm-none-eabi-10-2020-q4-major/bin/../lib/gcc/arm-none-eabi/10.2.1/../../../../arm-none-eabi/lib/thumb/v7e-m+fp/hard/libc.a
LOAD /Users/design/4ms/stm32/gcc-arm-none-eabi-10-2020-q4-major/bin/../lib/gcc/arm-none-eabi/10.2.1/../../../../arm-none-eabi/lib/thumb/v7e-m+fp/hard/libm.a
LOAD /Users/design/4ms/stm32/gcc-arm-none-eabi-10-2020-q4-major/bin/../lib/gcc/arm-none-eabi/10.2.1/thumb/v7e-m+fp/hard/libgcc.a

.debug_info     0x0000000000000000    0x23218
 .debug_info    0x0000000000000000     0x1064 build/src/adc.o
 .debug_info    0x0000000000001064      0x7a3 build/src/analog_conditioning.o
 .debug_info    0x0000000000001807      0xcdc build/src/calibration.o
 .debug_info    0x00000000000024e3      0x3f8 build/src/debounced_digins.o
 .debug_info    0x00000000000028db      0x539 build/src/dig_inouts.o
 .debug_info    0x0000000000002e14      0x6f2 build/src/env_transition.o
 .debug_info    0x0000000000003506      0xe89 build/src/env_update.o
 .debug_info    0x000000000000438f      0xa66 build/src/envelope_calcs.o
 .debug_info    0x0000000000004df5      0xa82 build/src/flash.o
 .debug_info    0x0000000000005877      0x534 build/src/flash_user.o
 .debug_info    0x0000000000005dab      0xe98 build/src/leds.o
 .debug_info    0x0000000000006c43     0x1a1d build/src/main.o
 .debug_info    0x0000000000008660      0xea0 build/src/params.o
 .debug_info    0x0000000000009500      0x383 build/src/pingable_env.o
 .debug_info    0x0000000000009883     0x105f build/src/pwm.o
 .debug_info    0x000000000000a8e2     0x1b89 build/src/system.o
 .debug_info    0x000000000000c46b      0xd5d build/src/system_mode.o
 .debug_info    0x000000000000d1c8     0x10b2 build/src/timekeeper.o
 .debug_info    0x000000000000e27a       0xf9 build/src/timers.o
 .debug_info    0x000000000000e373      0x70c build/src/trigout.o
 .debug_info    0x000000000000ea7f     0x133a build/src/dac.o
 .debug_info    0x000000000000fdb9      0xbd8 build/stm32/HAL/Src/stm32g4xx_hal.o
 .debug_info    0x0000000000010991     0x341b build/stm32/HAL/Src/stm32g4xx_hal_adc.o
 .debug_info    0x0000000000013dac     0x2c8f build/stm32/HAL/Src/stm32g4xx_hal_adc_ex.o
 .debug_info    0x0000000000016a3b     0x1041 build/stm32/HAL/Src/stm32g4xx_hal_cortex.o
 .debug_info    0x0000000000017a7c      0xe55 build/stm32/HAL/Src/stm32g4xx_hal_dac.o
 .debug_info    0x00000000000188d1      0xae3 build/stm32/HAL/Src/stm32g4xx_hal_dma.o
 .debug_info    0x00000000000193b4      0xc09 build/stm32/HAL/Src/stm32g4xx_hal_flash.o
 .debug_info    0x0000000000019fbd      0xd99 build/stm32/HAL/Src/stm32g4xx_hal_flash_ex.o
 .debug_info    0x000000000001ad56      0x854 build/stm32/HAL/Src/stm32g4xx_hal_gpio.o
 .debug_info    0x000000000001b5aa      0x9f9 build/stm32/HAL/Src/stm32g4xx_hal_pwr_ex.o
 .debug_info    0x000000000001bfa3      0xf12 build/stm32/HAL/Src/stm32g4xx_hal_rcc.o
 .debug_info    0x000000000001ceb5      0xe1e build/stm32/HAL/Src/stm32g4xx_hal_rcc_ex.o
 .debug_info    0x000000000001dcd3     0x4f9d build/stm32/HAL/Src/stm32g4xx_hal_tim.o
 .debug_info    0x0000000000022c70      0x5a8 build/stm32/device/Source/Templates/system_stm32g4xx.o

.debug_abbrev   0x0000000000000000     0x5719
 .debug_abbrev  0x0000000000000000      0x223 build/src/adc.o
 .debug_abbrev  0x0000000000000223      0x203 build/src/analog_conditioning.o
 .debug_abbrev  0x0000000000000426      0x2ba build/src/calibration.o
 .debug_abbrev  0x00000000000006e0      0x1d3 build/src/debounced_digins.o
 .debug_abbrev  0x00000000000008b3      0x13e build/src/dig_inouts.o
 .debug_abbrev  0x00000000000009f1      0x264 build/src/env_transition.o
 .debug_abbrev  0x0000000000000c55      0x321 build/src/env_update.o
 .debug_abbrev  0x0000000000000f76      0x26c build/src/envelope_calcs.o
 .debug_abbrev  0x00000000000011e2      0x2c3 build/src/flash.o
 .debug_abbrev  0x00000000000014a5      0x1c5 build/src/flash_user.o
 .debug_abbrev  0x000000000000166a      0x282 build/src/leds.o
 .debug_abbrev  0x00000000000018ec      0x44e build/src/main.o
 .debug_abbrev  0x0000000000001d3a      0x2a8 build/src/params.o
 .debug_abbrev  0x0000000000001fe2       0xe7 build/src/pingable_env.o
 .debug_abbrev  0x00000000000020c9      0x355 build/src/pwm.o
 .debug_abbrev  0x000000000000241e      0x383 build/src/system.o
 .debug_abbrev  0x00000000000027a1      0x14b build/src/system_mode.o
 .debug_abbrev  0x00000000000028ec      0x2a4 build/src/timekeeper.o
 .debug_abbrev  0x0000000000002b90       0x70 build/src/timers.o
 .debug_abbrev  0x0000000000002c00      0x150 build/src/trigout.o
 .debug_abbrev  0x0000000000002d50      0x2e0 build/src/dac.o
 .debug_abbrev  0x0000000000003030      0x2ad build/stm32/HAL/Src/stm32g4xx_hal.o
 .debug_abbrev  0x00000000000032dd      0x314 build/stm32/HAL/Src/stm32g4xx_hal_adc.o
 .debug_abbrev  0x00000000000035f1      0x3a2 build/stm32/HAL/Src/stm32g4xx_hal_adc_ex.o
 .debug_abbrev  0x0000000000003993      0x35a build/stm32/HAL/Src/stm32g4xx_hal_cortex.o
 .debug_abbrev  0x0000000000003ced      0x22a build/stm32/HAL/Src/stm32g4xx_hal_dac.o
 .debug_abbrev  0x0000000000003f17      0x2a6 build/stm32/HAL/Src/stm32g4xx_hal_dma.o
 .debug_abbrev  0x00000000000041bd      0x35d build/stm32/HAL/Src/stm32g4xx_hal_flash.o
 .debug_abbrev  0x000000000000451a      0x33b build/stm32/HAL/Src/stm32g4xx_hal_flash_ex.o
 .debug_abbrev  0x0000000000004855      0x1fd build/stm32/HAL/Src/stm32g4xx_hal_gpio.o
 .debug_abbrev  0x0000000000004a52      0x26b build/stm32/HAL/Src/stm32g4xx_hal_pwr_ex.o
 .debug_abbrev  0x0000000000004cbd      0x314 build/stm32/HAL/Src/stm32g4xx_hal_rcc.o
 .debug_abbrev  0x0000000000004fd1      0x291 build/stm32/HAL/Src/stm32g4xx_hal_rcc_ex.o
 .debug_abbrev  0x0000000000005262      0x38c build/stm32/HAL/Src/stm32g4xx_hal_tim.o
 .debug_abbrev  0x00000000000055ee      0x12b build/stm32/device/Source/Templates/system_stm32g4xx.o

.debug_loc      0x0000000000000000    0x15a59
 .debug_loc     0x0000000000000000      0x19c build/src/adc.o
 .debug_loc     0x000000000000019c      0x2ea build/src/analog_conditioning.o
 .debug_loc     0x0000000000000486      0x365 build/src/calibration.o
 .debug_loc     0x00000000000007eb      0x203 build/src/debounced_digins.o
 .debug_loc     0x00000000000009ee      0x71a build/src/env_transition.o
 .debug_loc     0x0000000000001108      0x74f build/src/env_update.o
 .debug_loc     0x0000000000001857      0xc2c build/src/envelope_calcs.o
 .debug_loc     0x0000000000002483      0xe97 build/src/flash.o
 .debug_loc     0x000000000000331a       0x39 build/src/flash_user.o
 .debug_loc     0x0000000000003353      0x2df build/src/leds.o
 .debug_loc     0x0000000000003632      0x20d build/src/main.o
 .debug_loc     0x000000000000383f      0x59d build/src/params.o
 .debug_loc     0x0000000000003ddc       0x32 build/src/pingable_env.o
 .debug_loc     0x0000000000003e0e      0x242 build/src/pwm.o
 .debug_loc     0x0000000000004050      0x429 build/src/system.o
 .debug_loc     0x0000000000004479      0x125 build/src/system_mode.o
 .debug_loc     0x000000000000459e      0x23e build/src/timekeeper.o
 .debug_loc     0x00000000000047dc      0x158 build/src/dac.o
 .debug_loc     0x0000000000004934      0x2cd build/stm32/HAL/Src/stm32g4xx_hal.o
 .debug_loc     0x0000000000004c01     0x283c build/stm32/HAL/Src/stm32g4xx_hal_adc.o
 .debug_loc     0x000000000000743d     0x22e9 build/stm32/HAL/Src/stm32g4xx_hal_adc_ex.o
 .debug_loc     0x0000000000009726      0x775 build/stm32/HAL/Src/stm32g4xx_hal_cortex.o
 .debug_loc     0x0000000000009e9b      0x95c build/stm32/HAL/Src/stm32g4xx_hal_dac.o
 .debug_loc     0x000000000000a7f7      0x9bd build/stm32/HAL/Src/stm32g4xx_hal_dma.o
 .debug_loc     0x000000000000b1b4      0xc9d build/stm32/HAL/Src/stm32g4xx_hal_flash.o
 .debug_loc     0x000000000000be51      0x9b3 build/stm32/HAL/Src/stm32g4xx_hal_flash_ex.o
 .debug_loc     0x000000000000c804      0x3d8 build/stm32/HAL/Src/stm32g4xx_hal_gpio.o
 .debug_loc     0x000000000000cbdc      0x96c build/stm32/HAL/Src/stm32g4xx_hal_pwr_ex.o
 .debug_loc     0x000000000000d548      0x772 build/stm32/HAL/Src/stm32g4xx_hal_rcc.o
 .debug_loc     0x000000000000dcba      0xac1 build/stm32/HAL/Src/stm32g4xx_hal_rcc_ex.o
 .debug_loc     0x000000000000e77b     0x7286 build/stm32/HAL/Src/stm32g4xx_hal_tim.o
 .debug_loc     0x0000000000015a01       0x58 build/stm32/device/Source/Templates/system_stm32g4xx.o

.debug_aranges  0x0000000000000000     0x1098
 .debug_aranges
                0x0000000000000000       0x28 build/src/adc.o
 .debug_aranges
                0x0000000000000028       0x30 build/src/analog_conditioning.o
 .debug_aranges
                0x0000000000000058       0x50 build/src/calibration.o
 .debug_aranges
                0x00000000000000a8       0x28 build/src/debounced_digins.o
 .debug_aranges
                0x00000000000000d0       0x20 build/src/dig_inouts.o
 .debug_aranges
                0x00000000000000f0       0x48 build/src/env_transition.o
 .debug_aranges
                0x0000000000000138       0x50 build/src/env_update.o
 .debug_aranges
                0x0000000000000188       0x50 build/src/envelope_calcs.o
 .debug_aranges
                0x00000000000001d8       0xa8 build/src/flash.o
 .debug_aranges
                0x0000000000000280       0x38 build/src/flash_user.o
 .debug_aranges
                0x00000000000002b8       0x50 build/src/leds.o
 .debug_aranges
                0x0000000000000308       0x58 build/src/main.o
 .debug_aranges
                0x0000000000000360       0x28 build/src/params.o
 .debug_aranges
                0x0000000000000388       0x30 build/src/pingable_env.o
 .debug_aranges
                0x00000000000003b8       0x48 build/src/pwm.o
 .debug_aranges
                0x0000000000000400       0x58 build/src/system.o
 .debug_aranges
                0x0000000000000458       0x20 build/src/system_mode.o
 .debug_aranges
                0x0000000000000478       0x88 build/src/timekeeper.o
 .debug_aranges
                0x0000000000000500       0x20 build/src/timers.o
 .debug_aranges
                0x0000000000000520       0x70 build/src/trigout.o
 .debug_aranges
                0x0000000000000590       0x48 build/src/dac.o
 .debug_aranges
                0x00000000000005d8      0x128 build/stm32/HAL/Src/stm32g4xx_hal.o
 .debug_aranges
                0x0000000000000700       0xe0 build/stm32/HAL/Src/stm32g4xx_hal_adc.o
 .debug_aranges
                0x00000000000007e0       0xd0 build/stm32/HAL/Src/stm32g4xx_hal_adc_ex.o
 .debug_aranges
                0x00000000000008b0       0xa8 build/stm32/HAL/Src/stm32g4xx_hal_cortex.o
 .debug_aranges
                0x0000000000000958       0x98 build/stm32/HAL/Src/stm32g4xx_hal_dac.o
 .debug_aranges
                0x00000000000009f0       0x78 build/stm32/HAL/Src/stm32g4xx_hal_dma.o
 .debug_aranges
                0x0000000000000a68       0x70 build/stm32/HAL/Src/stm32g4xx_hal_flash.o
 .debug_aranges
                0x0000000000000ad8       0x60 build/stm32/HAL/Src/stm32g4xx_hal_flash_ex.o
 .debug_aranges
                0x0000000000000b38       0x58 build/stm32/HAL/Src/stm32g4xx_hal_gpio.o
 .debug_aranges
                0x0000000000000b90      0x128 build/stm32/HAL/Src/stm32g4xx_hal_pwr_ex.o
 .debug_aranges
                0x0000000000000cb8       0x90 build/stm32/HAL/Src/stm32g4xx_hal_rcc.o
 .debug_aranges
                0x0000000000000d48       0x98 build/stm32/HAL/Src/stm32g4xx_hal_rcc_ex.o
 .debug_aranges
                0x0000000000000de0      0x290 build/stm32/HAL/Src/stm32g4xx_hal_tim.o
 .debug_aranges
                0x0000000000001070       0x28 build/stm32/device/Source/Templates/system_stm32g4xx.o

.debug_ranges   0x0000000000000000     0x30b8
 .debug_ranges  0x0000000000000000       0x48 build/src/adc.o
 .debug_ranges  0x0000000000000048       0x38 build/src/analog_conditioning.o
 .debug_ranges  0x0000000000000080       0x70 build/src/calibration.o
 .debug_ranges  0x00000000000000f0       0x68 build/src/debounced_digins.o
 .debug_ranges  0x0000000000000158       0x48 build/src/dig_inouts.o
 .debug_ranges  0x00000000000001a0       0xc8 build/src/env_transition.o
 .debug_ranges  0x0000000000000268      0x1e0 build/src/env_update.o
 .debug_ranges  0x0000000000000448      0x1a0 build/src/envelope_calcs.o
 .debug_ranges  0x00000000000005e8      0x170 build/src/flash.o
 .debug_ranges  0x0000000000000758       0x28 build/src/flash_user.o
 .debug_ranges  0x0000000000000780      0x288 build/src/leds.o
 .debug_ranges  0x0000000000000a08      0x368 build/src/main.o
 .debug_ranges  0x0000000000000d70      0x160 build/src/params.o
 .debug_ranges  0x0000000000000ed0       0x20 build/src/pingable_env.o
 .debug_ranges  0x0000000000000ef0       0xc8 build/src/pwm.o
 .debug_ranges  0x0000000000000fb8       0xa0 build/src/system.o
 .debug_ranges  0x0000000000001058       0x10 build/src/system_mode.o
 .debug_ranges  0x0000000000001068      0x110 build/src/timekeeper.o
 .debug_ranges  0x0000000000001178       0x10 build/src/timers.o
 .debug_ranges  0x0000000000001188       0xc8 build/src/trigout.o
 .debug_ranges  0x0000000000001250       0x68 build/src/dac.o
 .debug_ranges  0x00000000000012b8      0x118 build/stm32/HAL/Src/stm32g4xx_hal.o
 .debug_ranges  0x00000000000013d0      0x6c0 build/stm32/HAL/Src/stm32g4xx_hal_adc.o
 .debug_ranges  0x0000000000001a90      0x4f8 build/stm32/HAL/Src/stm32g4xx_hal_adc_ex.o
 .debug_ranges  0x0000000000001f88      0x190 build/stm32/HAL/Src/stm32g4xx_hal_cortex.o
 .debug_ranges  0x0000000000002118       0x88 build/stm32/HAL/Src/stm32g4xx_hal_dac.o
 .debug_ranges  0x00000000000021a0      0x120 build/stm32/HAL/Src/stm32g4xx_hal_dma.o
 .debug_ranges  0x00000000000022c0      0x158 build/stm32/HAL/Src/stm32g4xx_hal_flash.o
 .debug_ranges  0x0000000000002418      0x1c8 build/stm32/HAL/Src/stm32g4xx_hal_flash_ex.o
 .debug_ranges  0x00000000000025e0       0x48 build/stm32/HAL/Src/stm32g4xx_hal_gpio.o
 .debug_ranges  0x0000000000002628      0x118 build/stm32/HAL/Src/stm32g4xx_hal_pwr_ex.o
 .debug_ranges  0x0000000000002740      0x120 build/stm32/HAL/Src/stm32g4xx_hal_rcc.o
 .debug_ranges  0x0000000000002860       0xd8 build/stm32/HAL/Src/stm32g4xx_hal_rcc_ex.o
 .debug_ranges  0x0000000000002938      0x768 build/stm32/HAL/Src/stm32g4xx_hal_tim.o
 .debug_ranges  0x00000000000030a0       0x18 build/stm32/device/Source/Templates/system_stm32g4xx.o

.debug_macro    0x0000000000000000    0x243a3
 .debug_macro   0x0000000000000000      0x278 build/src/adc.o
 .debug_macro   0x0000000000000278      0xa72 build/src/adc.o
 .debug_macro   0x0000000000000cea       0x34 build/src/adc.o
 .debug_macro   0x0000000000000d1e       0x2e build/src/adc.o
 .debug_macro   0x0000000000000d4c       0x28 build/src/adc.o
 .debug_macro   0x0000000000000d74       0x22 build/src/adc.o
 .debug_macro   0x0000000000000d96       0x8e build/src/adc.o
 .debug_macro   0x0000000000000e24       0x51 build/src/adc.o
 .debug_macro   0x0000000000000e75      0x103 build/src/adc.o
 .debug_macro   0x0000000000000f78       0x6a build/src/adc.o
 .debug_macro   0x0000000000000fe2      0x1df build/src/adc.o
 .debug_macro   0x00000000000011c1       0x1c build/src/adc.o
 .debug_macro   0x00000000000011dd       0x22 build/src/adc.o
 .debug_macro   0x00000000000011ff       0xd9 build/src/adc.o
 .debug_macro   0x00000000000012d8     0x102d build/src/adc.o
 .debug_macro   0x0000000000002305      0x11f build/src/adc.o
 .debug_macro   0x0000000000002424    0x113ab build/src/adc.o
 .debug_macro   0x00000000000137cf       0x43 build/src/adc.o
 .debug_macro   0x0000000000013812      0x167 build/src/adc.o
 .debug_macro   0x0000000000013979     0x34d1 build/src/adc.o
 .debug_macro   0x0000000000016e4a      0x174 build/src/adc.o
 .debug_macro   0x0000000000016fbe       0x5a build/src/adc.o
 .debug_macro   0x0000000000017018     0x13de build/src/adc.o
 .debug_macro   0x00000000000183f6      0x535 build/src/adc.o
 .debug_macro   0x000000000001892b      0x137 build/src/adc.o
 .debug_macro   0x0000000000018a62      0x289 build/src/adc.o
 .debug_macro   0x0000000000018ceb      0x41d build/src/adc.o
 .debug_macro   0x0000000000019108      0x18b build/src/adc.o
 .debug_macro   0x0000000000019293       0x43 build/src/adc.o
 .debug_macro   0x00000000000192d6      0x23d build/src/adc.o
 .debug_macro   0x0000000000019513     0x10fd build/src/adc.o
 .debug_macro   0x000000000001a610      0x72e build/src/adc.o
 .debug_macro   0x000000000001ad3e      0x391 build/src/adc.o
 .debug_macro   0x000000000001b0cf      0x202 build/src/adc.o
 .debug_macro   0x000000000001b2d1      0x108 build/src/adc.o
 .debug_macro   0x000000000001b3d9      0x212 build/src/adc.o
 .debug_macro   0x000000000001b5eb      0x401 build/src/adc.o
 .debug_macro   0x000000000001b9ec      0x107 build/src/adc.o
 .debug_macro   0x000000000001baf3      0x1ae build/src/adc.o
 .debug_macro   0x000000000001bca1      0x122 build/src/adc.o
 .debug_macro   0x000000000001bdc3      0x3d1 build/src/adc.o
 .debug_macro   0x000000000001c194      0xbbe build/src/adc.o
 .debug_macro   0x000000000001cd52      0x47e build/src/adc.o
 .debug_macro   0x000000000001d1d0      0x307 build/src/adc.o
 .debug_macro   0x000000000001d4d7       0xc4 build/src/adc.o
 .debug_macro   0x000000000001d59b       0x16 build/src/adc.o
 .debug_macro   0x000000000001d5b1       0x10 build/src/adc.o
 .debug_macro   0x000000000001d5c1      0x2c0 build/src/analog_conditioning.o
 .debug_macro   0x000000000001d881      0x27e build/src/calibration.o
 .debug_macro   0x000000000001daff      0x282 build/src/debounced_digins.o
 .debug_macro   0x000000000001dd81      0x213 build/src/dig_inouts.o
 .debug_macro   0x000000000001df94       0xc4 build/src/dig_inouts.o
 .debug_macro   0x000000000001e058       0x75 build/src/env_transition.o
 .debug_macro   0x000000000001e0cd      0x248 build/src/env_update.o
 .debug_macro   0x000000000001e315      0x283 build/src/envelope_calcs.o
 .debug_macro   0x000000000001e598      0x278 build/src/flash.o
 .debug_macro   0x000000000001e810      0x27e build/src/flash_user.o
 .debug_macro   0x000000000001ea8e      0x278 build/src/leds.o
 .debug_macro   0x000000000001ed06      0x298 build/src/main.o
 .debug_macro   0x000000000001ef9e      0x271 build/src/params.o
 .debug_macro   0x000000000001f20f       0x67 build/src/pingable_env.o
 .debug_macro   0x000000000001f276      0x338 build/src/pwm.o
 .debug_macro   0x000000000001f5ae      0x21c build/src/system.o
 .debug_macro   0x000000000001f7ca      0x188 build/src/system.o
 .debug_macro   0x000000000001f952      0x20e build/src/system.o
 .debug_macro   0x000000000001fb60      0x278 build/src/system_mode.o
 .debug_macro   0x000000000001fdd8      0x294 build/src/timekeeper.o
 .debug_macro   0x000000000002006c       0x63 build/src/timers.o
 .debug_macro   0x00000000000200cf      0x278 build/src/trigout.o
 .debug_macro   0x0000000000020347      0x1e7 build/src/dac.o
 .debug_macro   0x000000000002052e      0xbc2 build/src/dac.o
 .debug_macro   0x00000000000210f0      0x34e build/src/dac.o
 .debug_macro   0x000000000002143e     0x102d build/src/dac.o
 .debug_macro   0x000000000002246b      0x17b build/src/dac.o
 .debug_macro   0x00000000000225e6      0x254 build/stm32/HAL/Src/stm32g4xx_hal.o
 .debug_macro   0x000000000002283a      0x223 build/stm32/HAL/Src/stm32g4xx_hal_adc.o
 .debug_macro   0x0000000000022a5d      0x212 build/stm32/HAL/Src/stm32g4xx_hal_adc_ex.o
 .debug_macro   0x0000000000022c6f      0x206 build/stm32/HAL/Src/stm32g4xx_hal_cortex.o
 .debug_macro   0x0000000000022e75      0x21c build/stm32/HAL/Src/stm32g4xx_hal_dac.o
 .debug_macro   0x0000000000023091      0x206 build/stm32/HAL/Src/stm32g4xx_hal_dma.o
 .debug_macro   0x0000000000023297      0x20c build/stm32/HAL/Src/stm32g4xx_hal_flash.o
 .debug_macro   0x00000000000234a3      0x206 build/stm32/HAL/Src/stm32g4xx_hal_flash_ex.o
 .debug_macro   0x00000000000236a9      0x23e build/stm32/HAL/Src/stm32g4xx_hal_gpio.o
 .debug_macro   0x00000000000238e7      0x230 build/stm32/HAL/Src/stm32g4xx_hal_pwr_ex.o
 .debug_macro   0x0000000000023b17      0x242 build/stm32/HAL/Src/stm32g4xx_hal_rcc.o
 .debug_macro   0x0000000000023d59      0x230 build/stm32/HAL/Src/stm32g4xx_hal_rcc_ex.o
 .debug_macro   0x0000000000023f89      0x20e build/stm32/HAL/Src/stm32g4xx_hal_tim.o
 .debug_macro   0x0000000000024197      0x20c build/stm32/device/Source/Templates/system_stm32g4xx.o

.debug_line     0x0000000000000000    0x22216
 .debug_line    0x0000000000000000      0x9cf build/src/adc.o
 .debug_line    0x00000000000009cf      0xade build/src/analog_conditioning.o
 .debug_line    0x00000000000014ad      0xf1d build/src/calibration.o
 .debug_line    0x00000000000023ca      0x975 build/src/debounced_digins.o
 .debug_line    0x0000000000002d3f      0x627 build/src/dig_inouts.o
 .debug_line    0x0000000000003366      0x78c build/src/env_transition.o
 .debug_line    0x0000000000003af2      0xf0c build/src/env_update.o
 .debug_line    0x00000000000049fe      0xd53 build/src/envelope_calcs.o
 .debug_line    0x0000000000005751      0xba7 build/src/flash.o
 .debug_line    0x00000000000062f8      0x778 build/src/flash_user.o
 .debug_line    0x0000000000006a70      0xa09 build/src/leds.o
 .debug_line    0x0000000000007479     0x11c8 build/src/main.o
 .debug_line    0x0000000000008641      0xb6a build/src/params.o
 .debug_line    0x00000000000091ab      0x315 build/src/pingable_env.o
 .debug_line    0x00000000000094c0      0xb0a build/src/pwm.o
 .debug_line    0x0000000000009fca      0xcbf build/src/system.o
 .debug_line    0x000000000000ac89      0xa9d build/src/system_mode.o
 .debug_line    0x000000000000b726      0xdc3 build/src/timekeeper.o
 .debug_line    0x000000000000c4e9      0x248 build/src/timers.o
 .debug_line    0x000000000000c731      0x9bb build/src/trigout.o
 .debug_line    0x000000000000d0ec      0x5bd build/src/dac.o
 .debug_line    0x000000000000d6a9      0xa3d build/stm32/HAL/Src/stm32g4xx_hal.o
 .debug_line    0x000000000000e0e6     0x2aea build/stm32/HAL/Src/stm32g4xx_hal_adc.o
 .debug_line    0x0000000000010bd0     0x2445 build/stm32/HAL/Src/stm32g4xx_hal_adc_ex.o
 .debug_line    0x0000000000013015      0xb97 build/stm32/HAL/Src/stm32g4xx_hal_cortex.o
 .debug_line    0x0000000000013bac      0xe0f build/stm32/HAL/Src/stm32g4xx_hal_dac.o
 .debug_line    0x00000000000149bb     0x11ef build/stm32/HAL/Src/stm32g4xx_hal_dma.o
 .debug_line    0x0000000000015baa      0xe58 build/stm32/HAL/Src/stm32g4xx_hal_flash.o
 .debug_line    0x0000000000016a02     0x103a build/stm32/HAL/Src/stm32g4xx_hal_flash_ex.o
 .debug_line    0x0000000000017a3c      0xb3a build/stm32/HAL/Src/stm32g4xx_hal_gpio.o
 .debug_line    0x0000000000018576      0xe46 build/stm32/HAL/Src/stm32g4xx_hal_pwr_ex.o
 .debug_line    0x00000000000193bc     0x1217 build/stm32/HAL/Src/stm32g4xx_hal_rcc.o
 .debug_line    0x000000000001a5d3     0x132b build/stm32/HAL/Src/stm32g4xx_hal_rcc_ex.o
 .debug_line    0x000000000001b8fe     0x62d2 build/stm32/HAL/Src/stm32g4xx_hal_tim.o
 .debug_line    0x0000000000021bd0      0x646 build/stm32/device/Source/Templates/system_stm32g4xx.o

.debug_str      0x0000000000000000    0xd8f46
 .debug_str     0x0000000000000000    0xcf26a build/src/adc.o
                                      0xcf9b1 (size before relaxing)
 .debug_str     0x00000000000cf26a      0x320 build/src/analog_conditioning.o
                                      0xcf508 (size before relaxing)
 .debug_str     0x00000000000cf58a      0x65e build/src/calibration.o
                                      0xcf7ea (size before relaxing)
 .debug_str     0x00000000000cfbe8      0x19b build/src/debounced_digins.o
                                      0xcf25c (size before relaxing)
 .debug_str     0x00000000000cfd83       0x9c build/src/dig_inouts.o
                                      0xcf06e (size before relaxing)
 .debug_str     0x00000000000cfe1f      0x2d7 build/src/env_transition.o
                                       0x3faf (size before relaxing)
 .debug_str     0x00000000000d00f6      0x1ed build/src/env_update.o
                                      0xcf39d (size before relaxing)
 .debug_str     0x00000000000d02e3      0x1ac build/src/envelope_calcs.o
                                      0xcf785 (size before relaxing)
 .debug_str     0x00000000000d048f      0x297 build/src/flash.o
                                      0xcf352 (size before relaxing)
 .debug_str     0x00000000000d0726       0x4f build/src/flash_user.o
                                      0xcf4b9 (size before relaxing)
 .debug_str     0x00000000000d0775       0x76 build/src/leds.o
                                      0xcf617 (size before relaxing)
 .debug_str     0x00000000000d07eb      0x7f6 build/src/main.o
                                      0xd01b1 (size before relaxing)
 .debug_str     0x00000000000d0fe1      0x264 build/src/params.o
                                      0xcf52f (size before relaxing)
 .debug_str     0x00000000000d1245       0x13 build/src/pingable_env.o
                                       0x3e65 (size before relaxing)
 .debug_str     0x00000000000d1258      0x642 build/src/pwm.o
                                      0xcfd54 (size before relaxing)
 .debug_str     0x00000000000d189a     0x1c95 build/src/system.o
                                      0xd0e41 (size before relaxing)
 .debug_str     0x00000000000d352f       0xd6 build/src/system_mode.o
                                      0xcf6da (size before relaxing)
 .debug_str     0x00000000000d3605      0x212 build/src/timekeeper.o
                                      0xcfeed (size before relaxing)
 .debug_str     0x00000000000d3817       0x1f build/src/timers.o
                                       0x3c08 (size before relaxing)
 .debug_str     0x00000000000d3836       0x32 build/src/trigout.o
                                      0xcf514 (size before relaxing)
 .debug_str     0x00000000000d3868     0x1729 build/src/dac.o
                                      0xcfb32 (size before relaxing)
 .debug_str     0x00000000000d4f91      0x50b build/stm32/HAL/Src/stm32g4xx_hal.o
                                      0xcf709 (size before relaxing)
 .debug_str     0x00000000000d549c      0xb09 build/stm32/HAL/Src/stm32g4xx_hal_adc.o
                                      0xcfc40 (size before relaxing)
 .debug_str     0x00000000000d5fa5      0x62b build/stm32/HAL/Src/stm32g4xx_hal_adc_ex.o
                                      0xcfb8b (size before relaxing)
 .debug_str     0x00000000000d65d0      0x2cb build/stm32/HAL/Src/stm32g4xx_hal_cortex.o
                                      0xcf3bd (size before relaxing)
 .debug_str     0x00000000000d689b      0x22e build/stm32/HAL/Src/stm32g4xx_hal_dac.o
                                      0xcf269 (size before relaxing)
 .debug_str     0x00000000000d6ac9      0x291 build/stm32/HAL/Src/stm32g4xx_hal_dma.o
                                      0xcefd5 (size before relaxing)
 .debug_str     0x00000000000d6d5a      0x327 build/stm32/HAL/Src/stm32g4xx_hal_flash.o
                                      0xcee9b (size before relaxing)
 .debug_str     0x00000000000d7081      0x227 build/stm32/HAL/Src/stm32g4xx_hal_flash_ex.o
                                      0xcef99 (size before relaxing)
 .debug_str     0x00000000000d72a8      0x214 build/stm32/HAL/Src/stm32g4xx_hal_gpio.o
                                      0xcee41 (size before relaxing)
 .debug_str     0x00000000000d74bc      0x444 build/stm32/HAL/Src/stm32g4xx_hal_pwr_ex.o
                                      0xcf0ed (size before relaxing)
 .debug_str     0x00000000000d7900      0x325 build/stm32/HAL/Src/stm32g4xx_hal_rcc.o
                                      0xcf1bd (size before relaxing)
 .debug_str     0x00000000000d7c25      0x3f5 build/stm32/HAL/Src/stm32g4xx_hal_rcc_ex.o
                                      0xcf2f5 (size before relaxing)
 .debug_str     0x00000000000d801a      0xec3 build/stm32/HAL/Src/stm32g4xx_hal_tim.o
                                      0xd00b3 (size before relaxing)
 .debug_str     0x00000000000d8edd       0x69 build/stm32/device/Source/Templates/system_stm32g4xx.o
                                      0xcec3a (size before relaxing)

.comment        0x0000000000000000       0x4d
 .comment       0x0000000000000000       0x4d build/src/adc.o
                                         0x4e (size before relaxing)
 .comment       0x000000000000004d       0x4e build/src/analog_conditioning.o
 .comment       0x000000000000004d       0x4e build/src/calibration.o
 .comment       0x000000000000004d       0x4e build/src/debounced_digins.o
 .comment       0x000000000000004d       0x4e build/src/dig_inouts.o
 .comment       0x000000000000004d       0x4e build/src/env_transition.o
 .comment       0x000000000000004d       0x4e build/src/env_update.o
 .comment       0x000000000000004d       0x4e build/src/envelope_calcs.o
 .comment       0x000000000000004d       0x4e build/src/flash.o
 .comment       0x000000000000004d       0x4e build/src/flash_user.o
 .comment       0x000000000000004d       0x4e build/src/leds.o
 .comment       0x000000000000004d       0x4e build/src/main.o
 .comment       0x000000000000004d       0x4e build/src/params.o
 .comment       0x000000000000004d       0x4e build/src/pingable_env.o
 .comment       0x000000000000004d       0x4e build/src/pwm.o
 .comment       0x000000000000004d       0x4e build/src/system.o
 .comment       0x000000000000004d       0x4e build/src/system_mode.o
 .comment       0x000000000000004d       0x4e build/src/timekeeper.o
 .comment       0x000000000000004d       0x4e build/src/timers.o
 .comment       0x000000000000004d       0x4e build/src/trigout.o
 .comment       0x000000000000004d       0x4e build/src/dac.o
 .comment       0x000000000000004d       0x4e build/stm32/HAL/Src/stm32g4xx_hal.o
 .comment       0x000000000000004d       0x4e build/stm32/HAL/Src/stm32g4xx_hal_adc.o
 .comment       0x000000000000004d       0x4e build/stm32/HAL/Src/stm32g4xx_hal_adc_ex.o
 .comment       0x000000000000004d       0x4e build/stm32/HAL/Src/stm32g4xx_hal_cortex.o
 .comment       0x000000000000004d       0x4e build/stm32/HAL/Src/stm32g4xx_hal_dac.o
 .comment       0x000000000000004d       0x4e build/stm32/HAL/Src/stm32g4xx_hal_dma.o
 .comment       0x000000000000004d       0x4e build/stm32/HAL/Src/stm32g4xx_hal_flash.o
 .comment       0x000000000000004d       0x4e build/stm32/HAL/Src/stm32g4xx_hal_flash_ex.o
 .comment       0x000000000000004d       0x4e build/stm32/HAL/Src/stm32g4xx_hal_gpio.o
 .comment       0x000000000000004d       0x4e build/stm32/HAL/Src/stm32g4xx_hal_pwr_ex.o
 .comment       0x000000000000004d       0x4e build/stm32/HAL/Src/stm32g4xx_hal_rcc.o
 .comment       0x000000000000004d       0x4e build/stm32/HAL/Src/stm32g4xx_hal_rcc_ex.o
 .comment       0x000000000000004d       0x4e build/stm32/HAL/Src/stm32g4xx_hal_tim.o
 .comment       0x000000000000004d       0x4e build/stm32/device/Source/Templates/system_stm32g4xx.o

.debug_frame    0x0000000000000000     0x31cc
 .debug_frame   0x0000000000000000       0x70 build/src/adc.o
 .debug_frame   0x0000000000000070       0x64 build/src/analog_conditioning.o
 .debug_frame   0x00000000000000d4       0xf8 build/src/calibration.o
 .debug_frame   0x00000000000001cc       0x54 build/src/debounced_digins.o
 .debug_frame   0x0000000000000220       0x38 build/src/dig_inouts.o
 .debug_frame   0x0000000000000258       0x98 build/src/env_transition.o
 .debug_frame   0x00000000000002f0       0xe8 build/src/env_update.o
 .debug_frame   0x00000000000003d8       0xa8 build/src/envelope_calcs.o
 .debug_frame   0x0000000000000480      0x18c build/src/flash.o
 .debug_frame   0x000000000000060c       0x68 build/src/flash_user.o
 .debug_frame   0x0000000000000674       0xf8 build/src/leds.o
 .debug_frame   0x000000000000076c       0xc0 build/src/main.o
 .debug_frame   0x000000000000082c       0x68 build/src/params.o
 .debug_frame   0x0000000000000894       0x4c build/src/pingable_env.o
 .debug_frame   0x00000000000008e0       0xc0 build/src/pwm.o
 .debug_frame   0x00000000000009a0      0x124 build/src/system.o
 .debug_frame   0x0000000000000ac4       0x6c build/src/system_mode.o
 .debug_frame   0x0000000000000b30      0x164 build/src/timekeeper.o
 .debug_frame   0x0000000000000c94       0x20 build/src/timers.o
 .debug_frame   0x0000000000000cb4      0x14c build/src/trigout.o
 .debug_frame   0x0000000000000e00       0x98 build/src/dac.o
 .debug_frame   0x0000000000000e98      0x280 build/stm32/HAL/Src/stm32g4xx_hal.o
 .debug_frame   0x0000000000001118      0x324 build/stm32/HAL/Src/stm32g4xx_hal_adc.o
 .debug_frame   0x000000000000143c      0x338 build/stm32/HAL/Src/stm32g4xx_hal_adc_ex.o
 .debug_frame   0x0000000000001774      0x164 build/stm32/HAL/Src/stm32g4xx_hal_cortex.o
 .debug_frame   0x00000000000018d8      0x1fc build/stm32/HAL/Src/stm32g4xx_hal_dac.o
 .debug_frame   0x0000000000001ad4      0x19c build/stm32/HAL/Src/stm32g4xx_hal_dma.o
 .debug_frame   0x0000000000001c70      0x118 build/stm32/HAL/Src/stm32g4xx_hal_flash.o
 .debug_frame   0x0000000000001d88       0xe4 build/stm32/HAL/Src/stm32g4xx_hal_flash_ex.o
 .debug_frame   0x0000000000001e6c       0xe4 build/stm32/HAL/Src/stm32g4xx_hal_gpio.o
 .debug_frame   0x0000000000001f50      0x2a4 build/stm32/HAL/Src/stm32g4xx_hal_pwr_ex.o
 .debug_frame   0x00000000000021f4      0x1b8 build/stm32/HAL/Src/stm32g4xx_hal_rcc.o
 .debug_frame   0x00000000000023ac      0x1b0 build/stm32/HAL/Src/stm32g4xx_hal_rcc_ex.o
 .debug_frame   0x000000000000255c      0xb94 build/stm32/HAL/Src/stm32g4xx_hal_tim.o
 .debug_frame   0x00000000000030f0       0x30 build/stm32/device/Source/Templates/system_stm32g4xx.o
 .debug_frame   0x0000000000003120       0x2c /Users/design/4ms/stm32/gcc-arm-none-eabi-10-2020-q4-major/bin/../lib/gcc/arm-none-eabi/10.2.1/thumb/v7e-m+fp/hard/libgcc.a(_aeabi_uldivmod.o)
 .debug_frame   0x000000000000314c       0x34 /Users/design/4ms/stm32/gcc-arm-none-eabi-10-2020-q4-major/bin/../lib/gcc/arm-none-eabi/10.2.1/thumb/v7e-m+fp/hard/libgcc.a(_udivmoddi4.o)
 .debug_frame   0x0000000000003180       0x2c /Users/design/4ms/stm32/gcc-arm-none-eabi-10-2020-q4-major/bin/../lib/gcc/arm-none-eabi/10.2.1/../../../../arm-none-eabi/lib/thumb/v7e-m+fp/hard/libc_nano.a(lib_a-init.o)
 .debug_frame   0x00000000000031ac       0x20 /Users/design/4ms/stm32/gcc-arm-none-eabi-10-2020-q4-major/bin/../lib/gcc/arm-none-eabi/10.2.1/../../../../arm-none-eabi/lib/thumb/v7e-m+fp/hard/libc_nano.a(lib_a-memset.o)

Cross Reference Table

Symbol                                            File
ADC1_2_IRQHandler                                 build/stm32/device/Source/Templates/gcc/startup_stm32g431xx.o
ADC_ConversionStop                                build/stm32/HAL/Src/stm32g4xx_hal_adc.o
                                                  build/stm32/HAL/Src/stm32g4xx_hal_adc_ex.o
ADC_DMAConvCplt                                   build/stm32/HAL/Src/stm32g4xx_hal_adc.o
                                                  build/stm32/HAL/Src/stm32g4xx_hal_adc_ex.o
ADC_DMAError                                      build/stm32/HAL/Src/stm32g4xx_hal_adc.o
                                                  build/stm32/HAL/Src/stm32g4xx_hal_adc_ex.o
ADC_DMAHalfConvCplt                               build/stm32/HAL/Src/stm32g4xx_hal_adc.o
                                                  build/stm32/HAL/Src/stm32g4xx_hal_adc_ex.o
ADC_Disable                                       build/stm32/HAL/Src/stm32g4xx_hal_adc.o
                                                  build/stm32/HAL/Src/stm32g4xx_hal_adc_ex.o
ADC_Enable                                        build/stm32/HAL/Src/stm32g4xx_hal_adc.o
                                                  build/stm32/HAL/Src/stm32g4xx_hal_adc_ex.o
ADC_Init                                          build/src/adc.o
                                                  build/src/analog_conditioning.o
AHBPrescTable                                     build/stm32/device/Source/Templates/system_stm32g4xx.o
                                                  build/stm32/HAL/Src/stm32g4xx_ll_utils.o
                                                  build/stm32/HAL/Src/stm32g4xx_hal_rcc.o
APBPrescTable                                     build/stm32/device/Source/Templates/system_stm32g4xx.o
                                                  build/stm32/HAL/Src/stm32g4xx_hal_rcc.o
AdcRangeChecker::AdcRangeChecker(AdcRangeCheckerBounds const&) build/libhwtests/src/AdcRangeChecker.o
                                                  build/src/hardware_tests/hardware_test_adc.o
AdcRangeChecker::AdcRangeChecker(AdcRangeCheckerBounds const&) build/libhwtests/src/AdcRangeChecker.o
AdcRangeChecker::check()                          build/libhwtests/src/AdcRangeChecker.o
                                                  build/src/hardware_tests/hardware_test_adc.o
AdcRangeChecker::reset()                          build/libhwtests/src/AdcRangeChecker.o
                                                  build/src/hardware_tests/hardware_test_adc.o
AdcRangeChecker::set_adcval(unsigned short)       build/libhwtests/src/AdcRangeChecker.o
                                                  build/src/hardware_tests/hardware_test_adc.o
BusFault_Handler                                  build/stm32/device/Source/Templates/gcc/startup_stm32g431xx.o
COMP1_2_3_IRQHandler                              build/stm32/device/Source/Templates/gcc/startup_stm32g431xx.o
COMP4_IRQHandler                                  build/stm32/device/Source/Templates/gcc/startup_stm32g431xx.o
CORDIC_IRQHandler                                 build/stm32/device/Source/Templates/gcc/startup_stm32g431xx.o
CRS_IRQHandler                                    build/stm32/device/Source/Templates/gcc/startup_stm32g431xx.o
CenterFlatRamp::CenterFlatRamp(float)             build/libhwtests/src/CodecCallbacks.o
CenterFlatRamp::CenterFlatRamp(float)             build/libhwtests/src/CodecCallbacks.o
CenterFlatRamp::CenterFlatRamp(float, float, float, float, float, float) build/libhwtests/src/CodecCallbacks.o
CenterFlatRamp::CenterFlatRamp(float, float, float, float, float, float) build/libhwtests/src/CodecCallbacks.o
CenterFlatRamp::init(float, float, float, float, float, float) build/libhwtests/src/CodecCallbacks.o
CenterFlatRamp::update()                          build/libhwtests/src/CodecCallbacks.o
CodecCallbacks_TwoCodecs::leftOutCodec1           build/libhwtests/src/CodecCallbacks.o
CodecCallbacks_TwoCodecs::leftOutCodec2           build/libhwtests/src/CodecCallbacks.o
CodecCallbacks_TwoCodecs::passthruPlusTestWave(short*, short*, unsigned short, unsigned char) build/libhwtests/src/CodecCallbacks.o
CodecCallbacks_TwoCodecs::rightOutCodec1          build/libhwtests/src/CodecCallbacks.o
CodecCallbacks_TwoCodecs::rightOutCodec2          build/libhwtests/src/CodecCallbacks.o
CodecCallbacks_TwoCodecs::testWavesOut(short*, short*, unsigned short, unsigned char) build/libhwtests/src/CodecCallbacks.o
DAC_DMAConvCpltCh1                                build/stm32/HAL/Src/stm32g4xx_hal_dac.o
                                                  build/stm32/HAL/Src/stm32g4xx_hal_dac_ex.o
DAC_DMAConvCpltCh2                                build/stm32/HAL/Src/stm32g4xx_hal_dac_ex.o
                                                  build/stm32/HAL/Src/stm32g4xx_hal_dac.o
DAC_DMAErrorCh1                                   build/stm32/HAL/Src/stm32g4xx_hal_dac.o
                                                  build/stm32/HAL/Src/stm32g4xx_hal_dac_ex.o
DAC_DMAErrorCh2                                   build/stm32/HAL/Src/stm32g4xx_hal_dac_ex.o
                                                  build/stm32/HAL/Src/stm32g4xx_hal_dac.o
DAC_DMAHalfConvCpltCh1                            build/stm32/HAL/Src/stm32g4xx_hal_dac.o
                                                  build/stm32/HAL/Src/stm32g4xx_hal_dac_ex.o
DAC_DMAHalfConvCpltCh2                            build/stm32/HAL/Src/stm32g4xx_hal_dac_ex.o
                                                  build/stm32/HAL/Src/stm32g4xx_hal_dac.o
DMA1_Channel1_IRQHandler                          build/stm32/device/Source/Templates/gcc/startup_stm32g431xx.o
DMA1_Channel2_IRQHandler                          build/stm32/device/Source/Templates/gcc/startup_stm32g431xx.o